Component: ARM Compiler 5.06 update 7 (build 960) Tool: armlink [4d3601]

==============================================================================

Section Cross References

    main.o(i.main) refers to drv_bsp.o(i.Drv_BspInit) for Drv_BspInit
    main.o(i.main) refers to ano_scheduler.o(i.Main_Task) for Main_Task
    main.o(i.main) refers to ano_fcdata.o(.bss) for flag
    ano_scheduler.o(i.INT_1ms_Task) refers to ano_led.o(i.LED_1ms_DRV) for LED_1ms_DRV
    ano_scheduler.o(i.INT_1ms_Task) refers to ano_scheduler.o(.data) for lt0_run_flag
    ano_scheduler.o(i.Loop_Task_0) refers to ano_flightdatacal.o(i.Fc_Sensor_Get) for Fc_Sensor_Get
    ano_scheduler.o(i.Loop_Task_0) refers to ano_sensor_basic.o(i.Sensor_Data_Prepare) for Sensor_Data_Prepare
    ano_scheduler.o(i.Loop_Task_0) refers to ano_flightdatacal.o(i.IMU_Update_Task) for IMU_Update_Task
    ano_scheduler.o(i.Loop_Task_0) refers to ano_flightdatacal.o(i.WCZ_Acc_Get_Task) for WCZ_Acc_Get_Task
    ano_scheduler.o(i.Loop_Task_0) refers to drv_gps.o(i.WCXY_Acc_Get_Task) for WCXY_Acc_Get_Task
    ano_scheduler.o(i.Loop_Task_0) refers to ano_flightctrl.o(i.Flight_State_Task) for Flight_State_Task
    ano_scheduler.o(i.Loop_Task_0) refers to ano_flightctrl.o(i.Swtich_State_Task) for Swtich_State_Task
    ano_scheduler.o(i.Loop_Task_0) refers to ano_of_decofusion.o(i.ANO_OF_Data_Prepare_Task) for ANO_OF_Data_Prepare_Task
    ano_scheduler.o(i.Loop_Task_0) refers to ano_dt.o(i.ANO_DT_Data_Exchange) for ANO_DT_Data_Exchange
    ano_scheduler.o(i.Loop_Task_0) refers to ano_rc.o(.bss) for CH_N
    ano_scheduler.o(i.Loop_Task_1) refers to ano_attctrl.o(i.Att_1level_Ctrl) for Att_1level_Ctrl
    ano_scheduler.o(i.Loop_Task_1) refers to ano_motorctrl.o(i.Motor_Ctrl_Task) for Motor_Ctrl_Task
    ano_scheduler.o(i.Loop_Task_2) refers to ano_imu.o(i.calculate_RPY) for calculate_RPY
    ano_scheduler.o(i.Loop_Task_2) refers to ano_attctrl.o(i.Att_2level_Ctrl) for Att_2level_Ctrl
    ano_scheduler.o(i.Loop_Task_2) refers to ano_rc.o(.bss) for CH_N
    ano_scheduler.o(i.Loop_Task_5) refers to ano_rc.o(i.RC_duty_task) for RC_duty_task
    ano_scheduler.o(i.Loop_Task_5) refers to ano_flightctrl.o(i.Flight_Mode_Set) for Flight_Mode_Set
    ano_scheduler.o(i.Loop_Task_5) refers to ano_flightctrl.o(i.Sudden_Stop_Task) for Sudden_Stop_Task
    ano_scheduler.o(i.Loop_Task_5) refers to ano_flightdatacal.o(i.WCZ_Fus_Task) for WCZ_Fus_Task
    ano_scheduler.o(i.Loop_Task_5) refers to drv_gps.o(i.GPS_Data_Processing_Task) for GPS_Data_Processing_Task
    ano_scheduler.o(i.Loop_Task_5) refers to ano_altctrl.o(i.Alt_1level_Ctrl) for Alt_1level_Ctrl
    ano_scheduler.o(i.Loop_Task_5) refers to ano_altctrl.o(i.Alt_2level_Ctrl) for Alt_2level_Ctrl
    ano_scheduler.o(i.Loop_Task_5) refers to ano_of.o(i.AnoOF_DataAnl_Task) for AnoOF_DataAnl_Task
    ano_scheduler.o(i.Loop_Task_5) refers to ano_led.o(i.LED_Task2) for LED_Task2
    ano_scheduler.o(i.Loop_Task_5) refers to ano_fcdata.o(.bss) for flag
    ano_scheduler.o(i.Loop_Task_8) refers to ano_flightdatacal.o(i.Mag_Update_Task) for Mag_Update_Task
    ano_scheduler.o(i.Loop_Task_8) refers to ano_flyctrl.o(i.FlyCtrl_Task) for FlyCtrl_Task
    ano_scheduler.o(i.Loop_Task_8) refers to ano_of_decofusion.o(i.ANO_OFDF_Task) for ANO_OFDF_Task
    ano_scheduler.o(i.Loop_Task_8) refers to ano_uwb.o(i.Ano_UWB_Data_Calcu_Task) for Ano_UWB_Data_Calcu_Task
    ano_scheduler.o(i.Loop_Task_8) refers to ano_locctrl.o(i.Loc_1level_Ctrl) for Loc_1level_Ctrl
    ano_scheduler.o(i.Loop_Task_8) refers to drv_openmv.o(i.OpenMV_Offline_Check) for OpenMV_Offline_Check
    ano_scheduler.o(i.Loop_Task_8) refers to ano_opmv_cbtracking_ctrl.o(i.ANO_CBTracking_Task) for ANO_CBTracking_Task
    ano_scheduler.o(i.Loop_Task_8) refers to ano_opmv_linetracking_ctrl.o(i.ANO_LTracking_Task) for ANO_LTracking_Task
    ano_scheduler.o(i.Loop_Task_8) refers to ano_opmv_ctrl.o(i.ANO_OPMV_Ctrl_Task) for ANO_OPMV_Ctrl_Task
    ano_scheduler.o(i.Loop_Task_8) refers to user_control.o(i.InspectionTask) for InspectionTask
    ano_scheduler.o(i.Loop_Task_8) refers to ano_rc.o(.bss) for CH_N
    ano_scheduler.o(i.Loop_Task_9) refers to ano_power.o(i.Power_UpdateTask) for Power_UpdateTask
    ano_scheduler.o(i.Loop_Task_9) refers to drv_heating.o(i.Thermostatic_Ctrl_Task) for Thermostatic_Ctrl_Task
    ano_scheduler.o(i.Loop_Task_9) refers to ano_parameter.o(i.Ano_Parame_Write_task) for Ano_Parame_Write_task
    ano_scheduler.o(i.Main_Task) refers to ano_scheduler.o(i.Loop_Task_0) for Loop_Task_0
    ano_scheduler.o(i.Main_Task) refers to drv_bsp.o(i.GetSysRunTimeUs) for GetSysRunTimeUs
    ano_scheduler.o(i.Main_Task) refers to ano_scheduler.o(.data) for lt0_run_flag
    ano_scheduler.o(.data) refers to ano_scheduler.o(i.Loop_Task_1) for Loop_Task_1
    ano_scheduler.o(.data) refers to ano_scheduler.o(i.Loop_Task_2) for Loop_Task_2
    ano_scheduler.o(.data) refers to ano_scheduler.o(i.Loop_Task_5) for Loop_Task_5
[...]
    para_sta                                 0x20000040   Data           4  ano_parameter.o(.data)
    checkdata_to_send                        0x2000004a   Data           1  ano_dt.o(.data)
    checksum_to_send                         0x2000004b   Data           1  ano_dt.o(.data)
    flash_save_en_cnt                        0x20000050   Data           2  ano_dt.o(.data)
    chn_en_bit                               0x20000071   Data           1  ano_rc.o(.data)
    signal_intensity                         0x20000072   Data           2  ano_rc.o(.data)
    unlock_f                                 0x20000074   Data           2  ano_rc.o(.data)
    stick_fun_0                              0x20000076   Data           1  ano_rc.o(.data)
    unlock_time                              0x20000078   Data           2  ano_rc.o(.data)
    test_si_cnt                              0x2000007a   Data           2  ano_rc.o(.data)
    cali_gyro                                0x2000007c   Data           2  ano_rc.o(.data)
    cali_acc                                 0x2000007e   Data           2  ano_rc.o(.data)
    cali_surface                             0x20000080   Data           2  ano_rc.o(.data)
    cali_mag                                 0x20000082   Data           4  ano_rc.o(.data)
    stick_fun_1                              0x20000086   Data           1  ano_rc.o(.data)
    stick_fun_2                              0x20000087   Data           1  ano_rc.o(.data)
    stick_fun_3                              0x20000088   Data           1  ano_rc.o(.data)
    stick_fun_4                              0x20000089   Data           1  ano_rc.o(.data)
    stick_fun_5_magcali                      0x2000008a   Data           1  ano_rc.o(.data)
    led_accuracy                             0x20000090   Data           2  ano_led.o(.data)
    LED_Brightness                           0x20000094   Data          16  ano_led.o(.data)
    g_ui32Flags                              0x200000c0   Data           4  ano_usb.o(.data)
    g_pcStatus                               0x200000c4   Data           4  ano_usb.o(.data)
    of_buf_update_flag                       0x200000cc   Data           1  ano_of_decofusion.o(.data)
    of_rot_d_degs                            0x200000d0   Data           8  ano_of_decofusion.o(.data)
    of_fus_err                               0x200000d8   Data           8  ano_of_decofusion.o(.data)
    of_fus_err_i                             0x200000e0   Data           8  ano_of_decofusion.o(.data)
    opmv_ct_sta                              0x2000012c   Data           3  ano_opmv_ctrl.o(.data)
    TimeStamp                                0x20000130   Data           4  user_control.o(.data)
    time                                     0x20000134   Data           4  user_control.o(.data)
    start_flag                               0x2000013a   Data           1  user_control.o(.data)
    cmd_take_off_f                           0x2000013b   Data           1  user_control.o(.data)
    g_sCDCDevice                             0x2000013c   Data          96  usb_serial_structs.o(.data)
    g_sRxBuffer                              0x2000019c   Data          56  usb_serial_structs.o(.data)
    g_sTxBuffer                              0x200001d4   Data          56  usb_serial_structs.o(.data)
    of_init_type                             0x20000218   Data           1  drv_bsp.o(.data)
    Voltage                                  0x2000021c   Data           4  drv_adc.o(.data)
    sbus_flag                                0x20000220   Data           1  drv_rcin.o(.data)
    U1TxInCnt                                0x20000232   Data           1  drv_uart.o(.data)
    U1TxOutCnt                               0x20000233   Data           1  drv_uart.o(.data)
    U2TxInCnt                                0x20000234   Data           1  drv_uart.o(.data)
    U2TxOutCnt                               0x20000235   Data           1  drv_uart.o(.data)
    U3TxInCnt                                0x20000236   Data           1  drv_uart.o(.data)
    U3TxOutCnt                               0x20000237   Data           1  drv_uart.o(.data)
    U4TxInCnt                                0x20000238   Data           1  drv_uart.o(.data)
    U4TxOutCnt                               0x20000239   Data           1  drv_uart.o(.data)
    U5TxInCnt                                0x2000023a   Data           1  drv_uart.o(.data)
    U5TxOutCnt                               0x2000023b   Data           1  drv_uart.o(.data)
    baro_Offset                              0x20000248   Data           4  drv_spl06.o(.data)
    alt_3                                    0x2000024c   Data           4  drv_spl06.o(.data)
    height                                   0x20000250   Data           4  drv_spl06.o(.data)
    baro_start                               0x20000254   Data           1  drv_spl06.o(.data)
    temperature                              0x20000258   Data           4  drv_spl06.o(.data)
    alt_high                                 0x2000025c   Data           4  drv_spl06.o(.data)
    baro_pressure                            0x20000260   Data           4  drv_spl06.o(.data)
    len                                      0x20000264   Data           2  drv_gps.o(.data)
    wcx_acc_use                              0x20000268   Data           4  drv_gps.o(.data)
    wcy_acc_use                              0x2000026c   Data           4  drv_gps.o(.data)
    GPS_get_cnt                              0x20000270   Data           1  drv_gps.o(.data)
    OF_STATE                                 0x20000280   Data           1  ano_of.o(.data)
    OF_QUALITY                               0x20000281   Data           1  ano_of.o(.data)
    OF_DX                                    0x20000282   Data           1  ano_of.o(.data)
    OF_DY                                    0x20000283   Data           1  ano_of.o(.data)
    OF_DX2                                   0x20000284   Data           2  ano_of.o(.data)
    OF_DY2                                   0x20000286   Data           2  ano_of.o(.data)
    OF_DX2FIX                                0x20000288   Data           2  ano_of.o(.data)
    OF_DY2FIX                                0x2000028a   Data           2  ano_of.o(.data)
    OF_ALT                                   0x2000028c   Data           2  ano_of.o(.data)
    OF_ALT2                                  0x2000028e   Data           2  ano_of.o(.data)
    OF_GYR_X                                 0x20000290   Data           2  ano_of.o(.data)
    OF_GYR_Y                                 0x20000292   Data           2  ano_of.o(.data)
    OF_GYR_Z                                 0x20000294   Data           2  ano_of.o(.data)
    OF_GYR_X2                                0x20000296   Data           2  ano_of.o(.data)
    OF_GYR_Y2                                0x20000298   Data           2  ano_of.o(.data)
    OF_GYR_Z2                                0x2000029a   Data           2  ano_of.o(.data)
    OF_ACC_X                                 0x2000029c   Data           2  ano_of.o(.data)
    OF_ACC_Y                                 0x2000029e   Data           2  ano_of.o(.data)
    OF_ACC_Z                                 0x200002a0   Data           2  ano_of.o(.data)
    OF_ACC_X2                                0x200002a2   Data           2  ano_of.o(.data)
    OF_ACC_Y2                                0x200002a4   Data           2  ano_of.o(.data)
    OF_ACC_Z2                                0x200002a6   Data           2  ano_of.o(.data)
    OF_ATT_ROL                               0x200002a8   Data           4  ano_of.o(.data)
    OF_ATT_PIT                               0x200002ac   Data           4  ano_of.o(.data)
    OF_ATT_YAW                               0x200002b0   Data           4  ano_of.o(.data)
    OF_ATT_S1                                0x200002b4   Data           4  ano_of.o(.data)
    OF_ATT_S2                                0x200002b8   Data           4  ano_of.o(.data)
    OF_ATT_S3                                0x200002bc   Data           4  ano_of.o(.data)
    OF_ATT_S4                                0x200002c0   Data           4  ano_of.o(.data)
    temperature_err                          0x200002d0   Data           4  drv_heating.o(.data)
    temperature_err_i                        0x200002d4   Data           4  drv_heating.o(.data)
    temperature_diff                         0x200002d8   Data           4  drv_heating.o(.data)
    temperature_ctrl_val                     0x200002dc   Data           4  drv_heating.o(.data)
    offline_check_time                       0x200002e4   Data           2  drv_openmv.o(.data)
    of_init_cnt                              0x200002e8   Data           1  drv_up_flow.o(.data)
    of_buf_update_cnt                        0x200002e9   Data           1  drv_up_flow.o(.data)
    LASER_LINKOK                             0x200002ec   Data           1  drv_laser.o(.data)
    Laser_height_cm                          0x200002ee   Data           2  drv_laser.o(.data)
    switchs                                  0x200002f2   Data           8  ano_fcdata.o(.data)
    imu_data                                 0x200002fc   Data         232  ano_imu.o(.data)
    imu_state                                0x20000418   Data          24  ano_imu.o(.data)
    acc_z_auto                               0x20000450   Data           8  ano_sensor_basic.o(.data)
    acc_sum_cnt                              0x20000458   Data           2  ano_sensor_basic.o(.data)
    gyro_sum_cnt                             0x2000045a   Data           2  ano_sensor_basic.o(.data)
    acc_z_auto_cnt                           0x2000045c   Data           2  ano_sensor_basic.o(.data)
    g_old                                    0x2000045e   Data           6  ano_sensor_basic.o(.data)
    g_d_sum                                  0x20000464   Data          12  ano_sensor_basic.o(.data)
    roll_gz_comp                             0x20000470   Data           2  ano_sensor_basic.o(.data)
    wh_matrix                                0x20000474   Data          36  ano_sensor_basic.o(.data)
    ref_height_old                           0x2000049c   Data           4  ano_motioncal.o(.data)
    ref_speed_old                            0x200004a0   Data           4  ano_motioncal.o(.data)
    wcz_ref_height                           0x200004a4   Data           4  ano_motioncal.o(.data)
    wcz_ref_speed                            0x200004a8   Data           4  ano_motioncal.o(.data)
    wcz_ref_acc                              0x200004ac   Data           4  ano_motioncal.o(.data)
    flying_cnt                               0x200004da   Data           2  ano_flightctrl.o(.data)
    landing_cnt                              0x200004dc   Data           2  ano_flightctrl.o(.data)
    stop_baro_hpf                            0x200004e0   Data           4  ano_flightctrl.o(.data)
    jsdata                                   0x200004f0   Data           6  ano_flightctrl.o(.data)
    speed_mode_old                           0x200004f6   Data           1  ano_flightctrl.o(.data)
    flight_mode_old                          0x200004f7   Data           1  ano_flightctrl.o(.data)
    test_time_cnt                            0x20000504   Data           2  ano_flightdatacal.o(.data)
    baro_height                              0x20000510   Data           4  ano_flightdatacal.o(.data)
    baro_h_offset                            0x20000514   Data           4  ano_flightdatacal.o(.data)
    ref_height_get_1                         0x20000518   Data           4  ano_flightdatacal.o(.data)
    ref_height_get_2                         0x2000051c   Data           4  ano_flightdatacal.o(.data)
    ref_height_used                          0x20000520   Data           4  ano_flightdatacal.o(.data)
    baro2tof_offset                          0x20000524   Data           4  ano_flightdatacal.o(.data)
    tof2baro_offset                          0x20000528   Data           4  ano_flightdatacal.o(.data)
    baro_fix1                                0x2000052c   Data           4  ano_flightdatacal.o(.data)
    baro_fix2                                0x20000530   Data           4  ano_flightdatacal.o(.data)
    baro_fix                                 0x20000534   Data           4  ano_flightdatacal.o(.data)
    wcz_acc_use                              0x2000053c   Data           4  ano_flightdatacal.o(.data)
    ref_tof_height                           0x20000540   Data           2  ano_flightdatacal.o(.data)
    vel_fb_d_lpf                             0x20000554   Data           8  ano_locctrl.o(.data)
    vel_fb_h                                 0x2000055c   Data           8  ano_locctrl.o(.data)
    vel_fb_w                                 0x20000564   Data           8  ano_locctrl.o(.data)
    vel_fb_fix_w                             0x2000056c   Data           8  ano_locctrl.o(.data)
    mag                                      0x2000058c   Data           8  ano_magprocess.o(.data)
    motor                                    0x200005a0   Data           8  ano_motorctrl.o(.data)
    motor_step                               0x200005a8   Data           8  ano_motorctrl.o(.data)
    IDLING                                   0x200005b2   Data           2  ano_motorctrl.o(.data)
    Plane_Votage                             0x200005b4   Data           4  ano_power.o(.data)
    g_pui8CDCSerDeviceDescriptor             0x200005c2   Data          18  usbdcdc.o(.data)
    g_pui8CDCSerDescriptor                   0x200005d4   Data           9  usbdcdc.o(.data)
    g_pui8IADSerDescriptor                   0x200005dd   Data           8  usbdcdc.o(.data)
    g_psCDCSerSections                       0x200005e8   Data          12  usbdcdc.o(.data)
    g_psCDCSerSectionsHS                     0x200005f4   Data          12  usbdcdc.o(.data)
    g_psCDCCompSerSections                   0x20000600   Data          16  usbdcdc.o(.data)
    g_psCDCCompSerSectionsHS                 0x20000610   Data          16  usbdcdc.o(.data)
    g_iUSBMode                               0x20000620   Data           1  usbmode.o(.data)
    g_eOTGModeState                          0x20000622   Data           1  usbmode.o(.data)
    g_ui32WaitTicks                          0x20000624   Data           4  usbmode.o(.data)
    g_ui32PollRate                           0x20000628   Data           4  usbmode.o(.data)
    g_ppsDevInfo                             0x2000063c   Data           4  usbdenum.o(.data)
    g_bUSBTimerInitialized                   0x20000640   Data           1  usbtick.o(.data)
    g_ui32CurrentUSBTick                     0x20000644   Data           4  usbtick.o(.data)
    g_ui32USBSOFCount                        0x20000648   Data           4  usbtick.o(.data)
    Ano_Parame                               0x20000a6c   Data        2048  ano_parameter.o(.bss)
    program_ctrl                             0x2000126c   Data          84  ano_flyctrl.o(.bss)
    ParValList                               0x200012c0   Data         400  ano_dt.o(.bss)
    f                                        0x20001450   Data          22  ano_dt.o(.bss)
    data_to_send                             0x20001466   Data          50  ano_dt.o(.bss)
    CH_N                                     0x200015d8   Data          16  ano_rc.o(.bss)
    LED_STA                                  0x200015e8   Data          15  ano_led.o(.bss)
    pc_user                                  0x200015f8   Data          32  ano_programctrl_user.o(.bss)
    of_data                                  0x20001618   Data          10  ano_of_decofusion.o(.bss)
    of_rdf                                   0x20001624   Data          72  ano_of_decofusion.o(.bss)
    ano_opmv_cbt_ctrl                        0x2000166c   Data          52  ano_opmv_cbtracking_ctrl.o(.bss)
    ano_opmv_lt_ctrl                         0x200016b0   Data          32  ano_opmv_linetracking_ctrl.o(.bss)
    g_pui8USBRxBuffer                        0x200016d0   Data         256  usb_serial_structs.o(.bss)
    g_pui8USBTxBuffer                        0x200017d0   Data         256  usb_serial_structs.o(.bss)
    RC_PPM                                   0x200018d0   Data          32  drv_rcin.o(.bss)
    Rc_Sbus_In                               0x200018f0   Data          32  drv_rcin.o(.bss)
    U1TxDataTemp                             0x20001929   Data         256  drv_uart.o(.bss)
    U2TxDataTemp                             0x20001a29   Data         256  drv_uart.o(.bss)
    U3TxDataTemp                             0x20001b29   Data         256  drv_uart.o(.bss)
    U4TxDataTemp                             0x20001c29   Data         256  drv_uart.o(.bss)
    U5TxDataTemp                             0x20001d29   Data         256  drv_uart.o(.bss)
    mpu_buffer                               0x20001e29   Data          14  drv_icm20602.o(.bss)
    Gps_information                          0x20001e68   Data         112  drv_gps.o(.bss)
    Gps_send_Temp                            0x20001ed8   Data          20  drv_gps.o(.bss)
    GPS_data_buff                            0x20001eec   Data         100  drv_gps.o(.bss)
    uwb_data                                 0x20001f50   Data          60  ano_uwb.o(.bss)
    temperature_fb                           0x2000218c   Data          12  drv_heating.o(.bss)
    openmv_buf                               0x20002198   Data          20  drv_openmv.o(.bss)
    opmv                                     0x200021ac   Data          26  drv_openmv.o(.bss)
    OF_DATA                                  0x200021c6   Data          19  drv_up_flow.o(.bss)
    save                                     0x200021ec   Data          64  ano_fcdata.o(.bss)
    flag                                     0x2000222c   Data          30  ano_fcdata.o(.bss)
    fc_stv                                   0x2000224c   Data          16  ano_fcdata.o(.bss)
    sens_hd_check                            0x2000225c   Data           9  ano_fcdata.o(.bss)
    att_matrix                               0x20002268   Data          36  ano_imu.o(.bss)
    imu_test                                 0x200022b0   Data          12  ano_imu.o(.bss)
    center_pos                               0x200022bc   Data          60  ano_sensor_basic.o(.bss)
    sensor                                   0x200022f8   Data          80  ano_sensor_basic.o(.bss)
    sensor_val                               0x20002348   Data          24  ano_sensor_basic.o(.bss)
    sensor_val_rot                           0x20002360   Data          24  ano_sensor_basic.o(.bss)
    sensor_val_ref                           0x20002378   Data          24  ano_sensor_basic.o(.bss)
    sum_temp                                 0x20002390   Data          28  ano_sensor_basic.o(.bss)
    acc_auto_sum_temp                        0x200023ac   Data          12  ano_sensor_basic.o(.bss)
    wcz_acc_fus                              0x20002430   Data          28  ano_motioncal.o(.bss)
    wcz_spe_fus                              0x2000244c   Data          24  ano_motioncal.o(.bss)
    wcz_hei_fus                              0x20002464   Data          24  ano_motioncal.o(.bss)
    alt_arg_2                                0x2000247c   Data          24  ano_altctrl.o(.bss)
    alt_val_2                                0x20002494   Data          40  ano_altctrl.o(.bss)
    alt_arg_1                                0x200024bc   Data          24  ano_altctrl.o(.bss)
    alt_val_1                                0x200024d4   Data          40  ano_altctrl.o(.bss)
    arg_2                                    0x200024fc   Data          72  ano_attctrl.o(.bss)
    arg_1                                    0x20002544   Data          72  ano_attctrl.o(.bss)
    val_2                                    0x2000258c   Data         120  ano_attctrl.o(.bss)
    val_1                                    0x20002604   Data         120  ano_attctrl.o(.bss)
    att_2l_ct                                0x2000267c   Data          36  ano_attctrl.o(.bss)
    att_1l_ct                                0x200026a0   Data          28  ano_attctrl.o(.bss)
    rolling_flag                             0x200026cc   Data          24  ano_attctrl.o(.bss)
    fs                                       0x200026e4   Data          52  ano_flightctrl.o(.bss)
    loc_arg_1                                0x20002718   Data          48  ano_locctrl.o(.bss)
    loc_val_1                                0x20002748   Data          80  ano_locctrl.o(.bss)
    loc_arg_1_fix                            0x20002798   Data          48  ano_locctrl.o(.bss)
    loc_val_1_fix                            0x200027c8   Data          80  ano_locctrl.o(.bss)
    loc_ctrl_1                               0x20002818   Data          36  ano_locctrl.o(.bss)
    loc_ctrl_2                               0x2000283c   Data          36  ano_locctrl.o(.bss)
    mc                                       0x20002860   Data          16  ano_motorctrl.o(.bss)
    g_psDCDInst                              0x200028b0   Data          80  usbdenum.o(.bss)
    g_pfnTickHandlers                        0x20002900   Data          24  usbtick.o(.bss)
    g_pvTickInstance                         0x20002918   Data          24  usbtick.o(.bss)
    __initial_sp                             0x20003440   Data           0  startup_tm4c123.o(STACK)



==============================================================================

Memory Map of the image

  Image Entry point : 0x000002ad

  Load Region LR_1 (Base: 0x00000000, Size: 0x000128d0, Max: 0xffffffff, ABSOLUTE, COMPRESSED[0x00011f60])

    Execution Region ER_RO (Exec base: 0x00000000, Load base: 0x00000000, Size: 0x00011e64, Max: 0xffffffff, ABSOLUTE)

    Exec Addr    Load Addr    Size         Type   Attr      Idx    E Section Name        Object

    0x00000000   0x00000000   0x0000026c   Data   RO         1266    RESET               startup_tm4c123.o
    0x0000026c   0x0000026c   0x00000000   Code   RO         7214  * .ARM.Collect$$$$00000000  mc_w.l(entry.o)
    0x0000026c   0x0000026c   0x00000004   Code   RO         7241    .ARM.Collect$$$$00000001  mc_w.l(entry2.o)
    0x00000270   0x00000270   0x00000004   Code   RO         7244    .ARM.Collect$$$$00000004  mc_w.l(entry5.o)
    0x00000274   0x00000274   0x00000000   Code   RO         7246    .ARM.Collect$$$$00000008  mc_w.l(entry7b.o)
    0x00000274   0x00000274   0x00000000   Code   RO         7248    .ARM.Collect$$$$0000000A  mc_w.l(entry8b.o)
    0x00000274   0x00000274   0x00000008   Code   RO         7249    .ARM.Collect$$$$0000000B  mc_w.l(entry9a.o)
    0x0000027c   0x0000027c   0x00000004   Code   RO         7256    .ARM.Collect$$$$0000000E  mc_w.l(entry12b.o)
    0x00000280   0x00000280   0x00000000   Code   RO         7251    .ARM.Collect$$$$0000000F  mc_w.l(entry10a.o)
    0x00000280   0x00000280   0x00000000   Code   RO         7253    .ARM.Collect$$$$00000011  mc_w.l(entry11a.o)
    0x00000280   0x00000280   0x00000004   Code   RO         7242    .ARM.Collect$$$$00002712  mc_w.l(entry2.o)
    0x00000284   0x00000284   0x00000026   Code   RO         5952    .emb_text           driverlib.lib(cpu.o)
    0x000002aa   0x000002aa   0x00000002   PAD
    0x000002ac   0x000002ac   0x000000fc   Code   RO         1267  * .text               startup_tm4c123.o
    0x000003a8   0x000003a8   0x00000024   Code   RO         7217    .text               mc_w.l(memcpya.o)
    0x000003cc   0x000003cc   0x0000014e   Code   RO         7221    .text               mf_w.l(dadd.o)
    0x0000051a   0x0000051a   0x000000e4   Code   RO         7223    .text               mf_w.l(dmul.o)
    0x000005fe   0x000005fe   0x000000de   Code   RO         7225    .text               mf_w.l(ddiv.o)
    0x000006dc   0x000006dc   0x00000022   Code   RO         7227    .text               mf_w.l(dflti.o)
    0x000006fe   0x000006fe   0x0000001a   Code   RO         7229    .text               mf_w.l(dfltui.o)
    0x00000718   0x00000718   0x0000003e   Code   RO         7231    .text               mf_w.l(dfixi.o)
    0x00000756   0x00000756   0x00000026   Code   RO         7233    .text               mf_w.l(f2d.o)
    0x0000077c   0x0000077c   0x00000038   Code   RO         7239    .text               mf_w.l(d2f.o)
    0x000007b4   0x000007b4   0x0000001e   Code   RO         7257    .text               mc_w.l(llshl.o)
    0x000007d2   0x000007d2   0x00000020   Code   RO         7259    .text               mc_w.l(llushr.o)
    0x000007f2   0x000007f2   0x00000024   Code   RO         7261    .text               mc_w.l(llsshr.o)
    0x00000816   0x00000816   0x00000000   Code   RO         7263    .text               mc_w.l(iusefp.o)
    0x00000816   0x00000816   0x0000006e   Code   RO         7264    .text               mf_w.l(fepilogue.o)
    0x00000884   0x00000884   0x000000ba   Code   RO         7266    .text               mf_w.l(depilogue.o)
    0x0000093e   0x0000093e   0x00000002   PAD
    0x00000940   0x00000940   0x00000024   Code   RO         7268    .text               mc_w.l(init.o)
    0x00000964   0x00000964   0x00000056   Code   RO         7278    .text               mc_w.l(__dczerorl2.o)
    0x000009ba   0x000009ba   0x00000002   PAD
    0x000009bc   0x000009bc   0x00000094   Code   RO         1461    i.ADC0Handler       drv_adc.o
    0x00000a50   0x00000a50   0x00000068   Code   RO         3455    i.ADCIntRegister    driverlib.lib(adc.o)
    0x00000ab8   0x00000ab8   0x00000144   Code   RO         1025    i.ANO_CBTracking_Calcu  ano_opmv_cbtracking_ctrl.o
    0x00000bfc   0x00000bfc   0x00000078   Code   RO         1026    i.ANO_CBTracking_Ctrl  ano_opmv_cbtracking_ctrl.o
    0x00000c74   0x00000c74   0x00000298   Code   RO         1027    i.ANO_CBTracking_Decoupling  ano_opmv_cbtracking_ctrl.o
    0x00000f0c   0x00000f0c   0x00000048   Code   RO         1028    i.ANO_CBTracking_Task  ano_opmv_cbtracking_ctrl.o
    0x00000f54   0x00000f54   0x0000053c   Code   RO          415    i.ANO_DT_Data_Exchange  ano_dt.o
    0x00001490   0x00001490   0x0000017c   Code   RO          416    i.ANO_DT_Data_Receive_Anl  ano_dt.o
    0x0000160c   0x0000160c   0x00000074   Code   RO          417    i.ANO_DT_Data_Receive_Anl_Task  ano_dt.o
    0x00001680   0x00001680   0x000000f4   Code   RO          418    i.ANO_DT_Data_Receive_Prepare  ano_dt.o
    0x00001774   0x00001774   0x000000ec   Code   RO          419    i.ANO_DT_Data_Receive_Prepare_USB  ano_dt.o
    0x00001860   0x00001860   0x0000002c   Code   RO          420    i.ANO_DT_GetParame  ano_dt.o
    0x0000188c   0x0000188c   0x00000490   Code   RO          421    i.ANO_DT_ParListToParUsed  ano_dt.o
    0x00001d1c   0x00001d1c   0x000004d4   Code   RO          422    i.ANO_DT_ParUsedToParList  ano_dt.o
    0x000021f0   0x000021f0   0x000000f4   Code   RO          423    i.ANO_DT_SendCmd    ano_dt.o
    0x000022e4   0x000022e4   0x000000bc   Code   RO          424    i.ANO_DT_SendOmvCt  ano_dt.o
    0x000023a0   0x000023a0   0x000000f4   Code   RO          425    i.ANO_DT_SendOmvLt  ano_dt.o
    0x00002494   0x00002494   0x000000ec   Code   RO          426    i.ANO_DT_SendParame  ano_dt.o
    0x00002580   0x00002580   0x000000a4   Code   RO          427    i.ANO_DT_SendSensorSta  ano_dt.o
    0x00002624   0x00002624   0x0000008c   Code   RO          429    i.ANO_DT_SendString  ano_dt.o
    0x000026b0   0x000026b0   0x00000014   Code   RO          430    i.ANO_DT_Send_Data  ano_dt.o
    0x000026c4   0x000026c4   0x00000160   Code   RO          431    i.ANO_DT_Send_Location  ano_dt.o
    0x00002824   0x00002824   0x00000138   Code   RO          432    i.ANO_DT_Send_MotoPWM  ano_dt.o
    0x0000295c   0x0000295c   0x00000098   Code   RO          433    i.ANO_DT_Send_Power  ano_dt.o
    0x000029f4   0x000029f4   0x00000170   Code   RO          434    i.ANO_DT_Send_RCData  ano_dt.o
    0x00002b64   0x00002b64   0x00000188   Code   RO          435    i.ANO_DT_Send_Senser  ano_dt.o
    0x00002cec   0x00002cec   0x000000e4   Code   RO          436    i.ANO_DT_Send_Senser2  ano_dt.o
    0x00002dd0   0x00002dd0   0x00000108   Code   RO          437    i.ANO_DT_Send_Speed  ano_dt.o
    0x00002ed8   0x00002ed8   0x00000164   Code   RO          438    i.ANO_DT_Send_Status  ano_dt.o
    0x0000303c   0x0000303c   0x00000168   Code   RO          439    i.ANO_DT_Send_User  ano_dt.o
    0x000031a4   0x000031a4   0x00000070   Code   RO          440    i.ANO_DT_Send_VER   ano_dt.o
    0x00003214   0x00003214   0x000000d4   Code   RO          441    i.ANO_DT_Send_Version  ano_dt.o
    0x000032e8   0x000032e8   0x00000290   Code   RO         1076    i.ANO_LT_StepProcedure  ano_opmv_linetracking_ctrl.o
    0x00003578   0x00003578   0x0000007c   Code   RO         1077    i.ANO_LTracking_Calcu  ano_opmv_linetracking_ctrl.o
    0x000035f4   0x000035f4   0x000000f8   Code   RO         1078    i.ANO_LTracking_Ctrl  ano_opmv_linetracking_ctrl.o
    0x000036ec   0x000036ec   0x00000140   Code   RO         1079    i.ANO_LTracking_Decoupling  ano_opmv_linetracking_ctrl.o
    0x0000382c   0x0000382c   0x00000048   Code   RO         1080    i.ANO_LTracking_Task  ano_opmv_linetracking_ctrl.o
    0x00003874   0x00003874   0x0000001c   Code   RO          946    i.ANO_OFDF_Task     ano_of_decofusion.o
    0x00003890   0x00003890   0x0000010c   Code   RO          947    i.ANO_OF_Data_Get   ano_of_decofusion.o
    0x0000399c   0x0000399c   0x00000048   Code   RO          948    i.ANO_OF_Data_Prepare_Task  ano_of_decofusion.o
    0x000039e4   0x000039e4   0x000000b0   Code   RO          949    i.ANO_OF_Decouple   ano_of_decofusion.o
    0x00003a94   0x00003a94   0x000001ec   Code   RO          950    i.ANO_OF_Fusion     ano_of_decofusion.o
    0x00003c80   0x00003c80   0x000000f4   Code   RO         1129    i.ANO_OPMV_Ctrl_Task  ano_opmv_ctrl.o
    0x00003d74   0x00003d74   0x00000018   Code   RO         3128    i.All_PID_Init      ano_flightctrl.o
    0x00003d8c   0x00003d8c   0x000001cc   Code   RO         2980    i.Alt_1level_Ctrl   ano_altctrl.o
    0x00003f58   0x00003f58   0x0000003c   Code   RO         2981    i.Alt_1level_PID_Init  ano_altctrl.o
    0x00003f94   0x00003f94   0x000001f8   Code   RO         2982    i.Alt_2level_Ctrl   ano_altctrl.o
    0x0000418c   0x0000418c   0x0000003c   Code   RO         2983    i.Alt_2level_PID_Init  ano_altctrl.o
    0x000041c8   0x000041c8   0x00000070   Code   RO         2209    i.AnoOF_Check       ano_of.o
    0x00004238   0x00004238   0x0000000c   Code   RO         2211    i.AnoOF_DataAnl_Task  ano_of.o
    0x00004244   0x00004244   0x0000007c   Code   RO          813    i.AnoUsbCdcInit     ano_usb.o
    0x000042c0   0x000042c0   0x00000028   Code   RO          814    i.AnoUsbCdcRead     ano_usb.o
    0x000042e8   0x000042e8   0x00000024   Code   RO          290    i.Ano_Parame_Read   ano_parameter.o
    0x0000430c   0x0000430c   0x0000001c   Code   RO          291    i.Ano_Parame_Write  ano_parameter.o
    0x00004328   0x00004328   0x00000084   Code   RO          292    i.Ano_Parame_Write_task  ano_parameter.o
    0x000043ac   0x000043ac   0x00000060   Code   RO         2258    i.Ano_UWB_Data_Calcu_Task  ano_uwb.o
    0x0000440c   0x0000440c   0x00000268   Code   RO         3059    i.Att_1level_Ctrl   ano_attctrl.o
    0x00004674   0x00004674   0x000000a4   Code   RO         3060    i.Att_1level_PID_Init  ano_attctrl.o
    0x00004718   0x00004718   0x000005e0   Code   RO         3061    i.Att_2level_Ctrl   ano_attctrl.o
    0x00004cf8   0x00004cf8   0x00000084   Code   RO         3062    i.Att_2level_PID_Init  ano_attctrl.o
    0x00004d7c   0x00004d7c   0x000001f0   Code   RO         2984    i.Auto_Take_Off_Land_Task  ano_altctrl.o
    0x00004f6c   0x00004f6c   0x000000ee   Code   RO         5631    i.CDCTickHandler    usblib.lib(usbdcdc.o)
    0x0000505a   0x0000505a   0x00000002   PAD
    0x0000505c   0x0000505c   0x00000024   Code   RO         2839    i.Center_Pos_Set    ano_sensor_basic.o
    0x00005080   0x00005080   0x0000009c   Code   RO          816    i.ControlHandler    ano_usb.o
    0x0000511c   0x0000511c   0x00000040   Code   RO         6787    i.DMAUSBIntHandler  usblib.lib(usbdma.o)
    0x0000515c   0x0000515c   0x0000000e   Code   RO         6788    i.DMAUSBIntStatusClear  usblib.lib(usbdma.o)
    0x0000516a   0x0000516a   0x00000004   Code   RO         6789    i.DMAUSBStatus      usblib.lib(usbdma.o)
    0x0000516e   0x0000516e   0x00000002   PAD
    0x00005170   0x00005170   0x00000038   Code   RO         1966    i.Drv_AK8975CSPinInit  drv_ak8975.o
    0x000051a8   0x000051a8   0x00000034   Code   RO         1967    i.Drv_AK8975_Read   drv_ak8975.o
    0x000051dc   0x000051dc   0x00000018   Code   RO         1462    i.Drv_Adc0Trigger   drv_adc.o
    0x000051f4   0x000051f4   0x000000b8   Code   RO         1463    i.Drv_AdcInit       drv_adc.o
    0x000052ac   0x000052ac   0x000000b4   Code   RO         1348    i.Drv_BspInit       drv_bsp.o
    0x00005360   0x00005360   0x00000078   Code   RO         2129    i.Drv_GpsGetOneByte  drv_gps.o
    0x000053d8   0x000053d8   0x0000002e   Code   RO         2130    i.Drv_GpsPin_Init   drv_gps.o
    0x00005406   0x00005406   0x00000002   PAD
    0x00005408   0x00005408   0x00000034   Code   RO         1639    i.Drv_HeatSet       drv_pwmout.o
    0x0000543c   0x0000543c   0x00000010   Code   RO         2301    i.Drv_HeatingSet    drv_heating.o
    0x0000544c   0x0000544c   0x00000038   Code   RO         1869    i.Drv_Icm20602CSPinInit  drv_icm20602.o
    0x00005484   0x00005484   0x000000f0   Code   RO         1870    i.Drv_Icm20602Init  drv_icm20602.o
    0x00005574   0x00005574   0x00000014   Code   RO         1871    i.Drv_Icm20602IrqHandler  drv_icm20602.o
    0x00005588   0x00005588   0x0000007c   Code   RO         1872    i.Drv_Icm20602ReadyPinInit  drv_icm20602.o
    0x00005604   0x00005604   0x00000018   Code   RO         1873    i.Drv_Icm20602_Read  drv_icm20602.o
    0x0000561c   0x0000561c   0x000000bc   Code   RO         1506    i.Drv_LedOnOff      drv_led.o
    0x000056d8   0x000056d8   0x000000d8   Code   RO         1640    i.Drv_MotorPWMSet   drv_pwmout.o
    0x000057b0   0x000057b0   0x000000dc   Code   RO         1576    i.Drv_PpmInit       drv_rcin.o
    0x0000588c   0x0000588c   0x000002e0   Code   RO         1641    i.Drv_PwmOutInit    drv_pwmout.o
    0x00005b6c   0x00005b6c   0x00000038   Code   RO         2017    i.Drv_SPL06CSPinInit  drv_spl06.o
    0x00005ba4   0x00005ba4   0x000000b8   Code   RO         1577    i.Drv_SbusInit      drv_rcin.o
    0x00005c5c   0x00005c5c   0x00000044   Code   RO         1349    i.Drv_SenserCsPinInit  drv_bsp.o
    0x00005ca0   0x00005ca0   0x00000098   Code   RO         1678    i.Drv_Spi0Init      drv_spi.o
    0x00005d38   0x00005d38   0x0000001e   Code   RO         1679    i.Drv_Spi0Receive   drv_spi.o
    0x00005d56   0x00005d56   0x00000002   PAD
    0x00005d58   0x00005d58   0x00000040   Code   RO         1680    i.Drv_Spi0SingleWirteAndRead  drv_spi.o
    0x00005d98   0x00005d98   0x00000058   Code   RO         2018    i.Drv_Spl0601Init   drv_spl06.o
    0x00005df0   0x00005df0   0x000000c0   Code   RO         2019    i.Drv_Spl0601_Read  drv_spl06.o
    0x00005eb0   0x00005eb0   0x000000d0   Code   RO         1723    i.Drv_Uart1Init     drv_uart.o
    0x00005f80   0x00005f80   0x00000034   Code   RO         1724    i.Drv_Uart1SendBuf  drv_uart.o
    0x00005fb4   0x00005fb4   0x00000044   Code   RO         1725    i.Drv_Uart1TxCheck  drv_uart.o
    0x00005ff8   0x00005ff8   0x000000d8   Code   RO         1726    i.Drv_Uart2Init     drv_uart.o
    0x000060d0   0x000060d0   0x00000034   Code   RO         1727    i.Drv_Uart2SendBuf  drv_uart.o
    0x00006104   0x00006104   0x00000044   Code   RO         1728    i.Drv_Uart2TxCheck  drv_uart.o
    0x00006148   0x00006148   0x000000d8   Code   RO         1729    i.Drv_Uart3Init     drv_uart.o
    0x00006220   0x00006220   0x00000044   Code   RO         1731    i.Drv_Uart3TxCheck  drv_uart.o
    0x00006264   0x00006264   0x000000d8   Code   RO         1732    i.Drv_Uart4Init     drv_uart.o
    0x0000633c   0x0000633c   0x00000044   Code   RO         1734    i.Drv_Uart4TxCheck  drv_uart.o
    0x00006380   0x00006380   0x00000088   Code   RO         1507    i.Dvr_LedInit       drv_led.o
    0x00006408   0x00006408   0x00000020   Code   RO         1536    i.Dvr_ParamterInit  drv_paramter.o
    0x00006428   0x00006428   0x0000001c   Code   RO         1537    i.Dvr_ParamterRead  drv_paramter.o
    0x00006444   0x00006444   0x0000001c   Code   RO         1538    i.Dvr_ParamterSave  drv_paramter.o
    0x00006460   0x00006460   0x0000005c   Code   RO         3230    i.Fc_Sensor_Get     ano_flightdatacal.o
    0x000064bc   0x000064bc   0x000000d4   Code   RO         3129    i.Flight_Mode_Set   ano_flightctrl.o
    0x00006590   0x00006590   0x000004d8   Code   RO         3130    i.Flight_State_Task  ano_flightctrl.o
    0x00006a68   0x00006a68   0x0000002c   Code   RO          357    i.FlyCtrlDataAnl    ano_flyctrl.o
    0x00006a94   0x00006a94   0x00000070   Code   RO          358    i.FlyCtrlReset      ano_flyctrl.o
    0x00006b04   0x00006b04   0x0000086c   Code   RO          359    i.FlyCtrl_Task      ano_flyctrl.o
    0x00007370   0x00007370   0x00000006   Code   RO         3722    i.GPIOIntClear      driverlib.lib(gpio.o)
    0x00007376   0x00007376   0x0000000c   Code   RO         3724    i.GPIOIntEnable     driverlib.lib(gpio.o)
    0x00007382   0x00007382   0x0000001a   Code   RO         3725    i.GPIOIntRegister   driverlib.lib(gpio.o)
    0x0000739c   0x0000739c   0x000001b8   Code   RO         2131    i.GPS_Data_Processing_Task  drv_gps.o
    0x00007554   0x00007554   0x00000198   Code   RO         2132    i.GPS_data_analysis  drv_gps.o
    0x000076ec   0x000076ec   0x00000060   Code   RO         2133    i.GPS_ubx_check_sum  drv_gps.o
    0x0000774c   0x0000774c   0x00000034   Code   RO         1351    i.GetSysRunTimeUs   drv_bsp.o
    0x00007780   0x00007780   0x00000032   Code   RO         5632    i.HandleConfigChange  usblib.lib(usbdcdc.o)
    0x000077b2   0x000077b2   0x000000c2   Code   RO         5633    i.HandleDevice      usblib.lib(usbdcdc.o)
    0x00007874   0x00007874   0x00000022   Code   RO         5634    i.HandleDisconnect  usblib.lib(usbdcdc.o)
    0x00007896   0x00007896   0x0000009a   Code   RO         5635    i.HandleEP0Data     usblib.lib(usbdcdc.o)
    0x00007930   0x00007930   0x0000007e   Code   RO         5636    i.HandleEndpoints   usblib.lib(usbdcdc.o)
    0x000079ae   0x000079ae   0x00000176   Code   RO         5637    i.HandleRequests    usblib.lib(usbdcdc.o)
    0x00007b24   0x00007b24   0x0000000c   Code   RO         5638    i.HandleResume      usblib.lib(usbdcdc.o)
    0x00007b30   0x00007b30   0x0000000c   Code   RO         5639    i.HandleSuspend     usblib.lib(usbdcdc.o)
    0x00007b3c   0x00007b3c   0x000000e0   Code   RO         1874    i.ICM_Get_Data      drv_icm20602.o
    0x00007c1c   0x00007c1c   0x000000a8   Code   RO         3231    i.IMU_Update_Task   ano_flightdatacal.o
    0x00007cc4   0x00007cc4   0x000009a0   Code   RO         2784    i.IMU_update        ano_imu.o
    0x00008664   0x00008664   0x00000038   Code   RO           92    i.INT_1ms_Task      ano_scheduler.o
    0x0000869c   0x0000869c   0x000000f8   Code   RO         1164    i.InspectionTask    user_control.o
    0x00008794   0x00008794   0x00000064   Code   RO         5962    i.IntDisable        driverlib.lib(interrupt.o)
    0x000087f8   0x000087f8   0x00000064   Code   RO         5963    i.IntEnable         driverlib.lib(interrupt.o)
    0x0000885c   0x0000885c   0x00000060   Code   RO         5964    i.IntIsEnabled      driverlib.lib(interrupt.o)
    0x000088bc   0x000088bc   0x0000000e   Code   RO         5965    i.IntMasterDisable  driverlib.lib(interrupt.o)
    0x000088ca   0x000088ca   0x0000000e   Code   RO         5966    i.IntMasterEnable   driverlib.lib(interrupt.o)
    0x000088d8   0x000088d8   0x00000034   Code   RO         5975    i.IntRegister       driverlib.lib(interrupt.o)
    0x0000890c   0x0000890c   0x00000034   Code   RO         6650    i.InternalUSBRegisterTickHandler  usblib.lib(usbtick.o)
    0x00008940   0x00008940   0x00000038   Code   RO         6651    i.InternalUSBStartOfFrameTick  usblib.lib(usbtick.o)
    0x00008978   0x00008978   0x00000038   Code   RO         6652    i.InternalUSBTickInit  usblib.lib(usbtick.o)
    0x000089b0   0x000089b0   0x000000d4   Code   RO          753    i.LED_1ms_DRV       ano_led.o
    0x00008a84   0x00008a84   0x0000035c   Code   RO          754    i.LED_Task2         ano_led.o
    0x00008de0   0x00008de0   0x00000c1c   Code   RO         3290    i.Loc_1level_Ctrl   ano_locctrl.o
    0x000099fc   0x000099fc   0x00000184   Code   RO         3291    i.Loc_1level_PID_Init  ano_locctrl.o
    0x00009b80   0x00009b80   0x00000040   Code   RO           93    i.Loop_Task_0       ano_scheduler.o
    0x00009bc0   0x00009bc0   0x00000038   Code   RO           94    i.Loop_Task_1       ano_scheduler.o
    0x00009bf8   0x00009bf8   0x0000003c   Code   RO           95    i.Loop_Task_2       ano_scheduler.o
    0x00009c34   0x00009c34   0x00000074   Code   RO           96    i.Loop_Task_5       ano_scheduler.o
    0x00009ca8   0x00009ca8   0x0000004c   Code   RO           97    i.Loop_Task_8       ano_scheduler.o
    0x00009cf4   0x00009cf4   0x00000018   Code   RO           98    i.Loop_Task_9       ano_scheduler.o
    0x00009d0c   0x00009d0c   0x000001f8   Code   RO         2840    i.MPU6050_Data_Offset  ano_sensor_basic.o
    0x00009f04   0x00009f04   0x00000068   Code   RO         3331    i.Mag_Cal_Reset     ano_magprocess.o
    0x00009f6c   0x00009f6c   0x00000058   Code   RO         3332    i.Mag_Cal_XY        ano_magprocess.o
    0x00009fc4   0x00009fc4   0x00000048   Code   RO         3333    i.Mag_Cal_Z         ano_magprocess.o
    0x0000a00c   0x0000a00c   0x000003ec   Code   RO         3334    i.Mag_Data_Deal_Task  ano_magprocess.o
    0x0000a3f8   0x0000a3f8   0x00000058   Code   RO         1968    i.Mag_Get           drv_ak8975.o
    0x0000a450   0x0000a450   0x0000003c   Code   RO         3232    i.Mag_Update_Task   ano_flightdatacal.o
    0x0000a48c   0x0000a48c   0x00000078   Code   RO           99    i.Main_Task         ano_scheduler.o
    0x0000a504   0x0000a504   0x00000230   Code   RO         3376    i.Motor_Ctrl_Task   ano_motorctrl.o
    0x0000a734   0x0000a734   0x00000024   Code   RO         1352    i.MyDelayMs         drv_bsp.o
    0x0000a758   0x0000a758   0x00000138   Code   RO         2392    i.OFGetByte         drv_up_flow.o
    0x0000a890   0x0000a890   0x00000158   Code   RO          951    i.OF_INS_Get        ano_of_decofusion.o
    0x0000a9e8   0x0000a9e8   0x00000038   Code   RO          952    i.OF_INS_Reset      ano_of_decofusion.o
    0x0000aa20   0x0000aa20   0x00000064   Code   RO          953    i.OF_State          ano_of_decofusion.o
    0x0000aa84   0x0000aa84   0x0000010c   Code   RO         2344    i.OpenMV_Byte_Get   drv_openmv.o
    0x0000ab90   0x0000ab90   0x00000014   Code   RO         2345    i.OpenMV_Check_Reset  drv_openmv.o
    0x0000aba4   0x0000aba4   0x000000ac   Code   RO         2346    i.OpenMV_Data_Analysis  drv_openmv.o
    0x0000ac50   0x0000ac50   0x0000002c   Code   RO         2347    i.OpenMV_Offline_Check  drv_openmv.o
    0x0000ac7c   0x0000ac7c   0x000001d8   Code   RO          293    i.PID_Rest          ano_parameter.o
    0x0000ae54   0x0000ae54   0x00000120   Code   RO         2757    i.PID_calculate     ano_pid.o
    0x0000af74   0x0000af74   0x00000050   Code   RO         1578    i.PPM_Cal           drv_rcin.o
    0x0000afc4   0x0000afc4   0x00000084   Code   RO         1579    i.PPM_Decode        drv_rcin.o
    0x0000b048   0x0000b048   0x00000008   Code   RO         2466    i.Para_Data_Init    ano_fcdata.o
    0x0000b050   0x0000b050   0x0000005c   Code   RO          294    i.Parame_Copy_Fc2para  ano_parameter.o
    0x0000b0ac   0x0000b0ac   0x00000060   Code   RO          295    i.Parame_Copy_Para2fc  ano_parameter.o
    0x0000b10c   0x0000b10c   0x00000100   Code   RO          296    i.Parame_Reset      ano_parameter.o
    0x0000b20c   0x0000b20c   0x000001dc   Code   RO         3411    i.Power_UpdateTask  ano_power.o
    0x0000b3e8   0x0000b3e8   0x00000086   Code   RO         5640    i.ProcessDataFromHost  usblib.lib(usbdcdc.o)
    0x0000b46e   0x0000b46e   0x00000002   PAD
    0x0000b470   0x0000b470   0x00000064   Code   RO         5641    i.ProcessDataToHost  usblib.lib(usbdcdc.o)
    0x0000b4d4   0x0000b4d4   0x00000034   Code   RO          904    i.Program_Ctrl_User_Set_HXYcmps  ano_programctrl_user.o
    0x0000b508   0x0000b508   0x00000054   Code   RO          905    i.Program_Ctrl_User_Set_YAWdps  ano_programctrl_user.o
    0x0000b55c   0x0000b55c   0x0000013c   Code   RO          660    i.RC_duty_task      ano_rc.o
    0x0000b698   0x0000b698   0x00000028   Code   RO          661    i.Remote_Control_Init  ano_rc.o
    0x0000b6c0   0x0000b6c0   0x00000026   Code   RO          817    i.RxHandler         ano_usb.o
    0x0000b6e6   0x0000b6e6   0x00000002   PAD
    0x0000b6e8   0x0000b6e8   0x00000200   Code   RO         1580    i.Sbus_Decode       drv_rcin.o
    0x0000b8e8   0x0000b8e8   0x00000050   Code   RO         1581    i.Sbus_IRQHandler   drv_rcin.o
    0x0000b938   0x0000b938   0x000000a6   Code   RO         5535    i.ScheduleNextTransmission  usblib.lib(usbbuffer.o)
    0x0000b9de   0x0000b9de   0x00000044   Code   RO         5643    i.SendBreak         usblib.lib(usbdcdc.o)
    0x0000ba22   0x0000ba22   0x00000096   Code   RO         5644    i.SendSerialState   usblib.lib(usbdcdc.o)
    0x0000bab8   0x0000bab8   0x00000018   Code   RO         2841    i.Sensor_Basic_Init  ano_sensor_basic.o
    0x0000bad0   0x0000bad0   0x000003d0   Code   RO         2842    i.Sensor_Data_Prepare  ano_sensor_basic.o
    0x0000bea0   0x0000bea0   0x00000044   Code   RO         3063    i.Set_Att_1level_Ki  ano_attctrl.o
    0x0000bee4   0x0000bee4   0x00000030   Code   RO         3064    i.Set_Att_2level_Ki  ano_attctrl.o
    0x0000bf14   0x0000bf14   0x00000002   Code   RO         3131    i.Speed_Mode_Switch  ano_flightctrl.o
    0x0000bf16   0x0000bf16   0x00000002   PAD
    0x0000bf18   0x0000bf18   0x00000070   Code   RO         1165    i.StageTask0        user_control.o
    0x0000bf88   0x0000bf88   0x0000004c   Code   RO         1166    i.StageTask1        user_control.o
    0x0000bfd4   0x0000bfd4   0x0000005c   Code   RO         1167    i.StageTask2        user_control.o
    0x0000c030   0x0000c030   0x00000068   Code   RO         1168    i.StageTask3        user_control.o
    0x0000c098   0x0000c098   0x0000006c   Code   RO         1169    i.StageTask4        user_control.o
    0x0000c104   0x0000c104   0x00000068   Code   RO         1170    i.StageTask5        user_control.o
    0x0000c16c   0x0000c16c   0x00000068   Code   RO         1171    i.StageTask6        user_control.o
    0x0000c1d4   0x0000c1d4   0x00000060   Code   RO         1172    i.StageTask7        user_control.o
    0x0000c234   0x0000c234   0x00000048   Code   RO         1173    i.StageTask8        user_control.o
    0x0000c27c   0x0000c27c   0x0000002c   Code   RO         3132    i.Sudden_Stop_Task  ano_flightctrl.o
    0x0000c2a8   0x0000c2a8   0x00000190   Code   RO         3133    i.Swtich_State_Task  ano_flightctrl.o
    0x0000c438   0x0000c438   0x00000154   Code   RO         4026    i.SysCtlClockGet    driverlib.lib(sysctl.o)
    0x0000c58c   0x0000c58c   0x00000028   Code   RO         4057    i.SysCtlPeripheralEnable  driverlib.lib(sysctl.o)
    0x0000c5b4   0x0000c5b4   0x0000003c   Code   RO         4062    i.SysCtlPeripheralReset  driverlib.lib(sysctl.o)
    0x0000c5f0   0x0000c5f0   0x00000010   Code   RO         4074    i.SysCtlUSBPLLEnable  driverlib.lib(sysctl.o)
    0x0000c600   0x0000c600   0x00000018   Code   RO         1353    i.SysTick_Handler   drv_bsp.o
    0x0000c618   0x0000c618   0x00000036   Code   RO         1354    i.SysTick_Init      drv_bsp.o
    0x0000c64e   0x0000c64e   0x00000002   PAD
    0x0000c650   0x0000c650   0x00000098   Code   RO         1275    i.SystemInit        system_tm4c123.o
    0x0000c6e8   0x0000c6e8   0x00000048   Code   RO         1174    i.Takeoff           user_control.o
    0x0000c730   0x0000c730   0x000002d0   Code   RO         2302    i.Thermostatic_Ctrl_Task  drv_heating.o
    0x0000ca00   0x0000ca00   0x00000068   Code   RO         4394    i.TimerIntRegister  driverlib.lib(timer.o)
    0x0000ca68   0x0000ca68   0x00000012   Code   RO          818    i.TxHandler         ano_usb.o
    0x0000ca7a   0x0000ca7a   0x00000002   PAD
    0x0000ca7c   0x0000ca7c   0x00000058   Code   RO         1738    i.UART1_IRQHandler  drv_uart.o
    0x0000cad4   0x0000cad4   0x00000058   Code   RO         1739    i.UART2_IRQHandler  drv_uart.o
    0x0000cb2c   0x0000cb2c   0x00000058   Code   RO         1740    i.UART3_IRQHandler  drv_uart.o
    0x0000cb84   0x0000cb84   0x00000058   Code   RO         1741    i.UART4_IRQHandler  drv_uart.o
    0x0000cbdc   0x0000cbdc   0x00000058   Code   RO         4649    i.UARTIntRegister   driverlib.lib(uart.o)
    0x0000cc34   0x0000cc34   0x00000010   Code   RO         2134    i.UART_Write_D      drv_gps.o
    0x0000cc44   0x0000cc44   0x0000005a   Code   RO         7028    i.ULPIConfigSet     usblib.lib(usbulpi.o)
    0x0000cc9e   0x0000cc9e   0x00000002   PAD
    0x0000cca0   0x0000cca0   0x00000018   Code   RO         5835    i.USB0DeviceIntHandler  usblib.lib(usbdhandler.o)
    0x0000ccb8   0x0000ccb8   0x00000154   Code   RO         5540    i.USBBufferEventCallback  usblib.lib(usbbuffer.o)
    0x0000ce0c   0x0000ce0c   0x00000006   Code   RO         5541    i.USBBufferFlush    usblib.lib(usbbuffer.o)
    0x0000ce12   0x0000ce12   0x00000018   Code   RO         5543    i.USBBufferInit     usblib.lib(usbbuffer.o)
    0x0000ce2a   0x0000ce2a   0x00000028   Code   RO         5544    i.USBBufferRead     usblib.lib(usbbuffer.o)
    0x0000ce52   0x0000ce52   0x0000000a   Code   RO         4915    i.USBClockEnable    driverlib.lib(usb.o)
    0x0000ce5c   0x0000ce5c   0x0000000a   Code   RO         4916    i.USBControllerVersion  driverlib.lib(usb.o)
    0x0000ce66   0x0000ce66   0x00000002   PAD
    0x0000ce68   0x0000ce68   0x000000dc   Code   RO         5645    i.USBDCDCCompositeInit  usblib.lib(usbdcdc.o)
    0x0000cf44   0x0000cf44   0x0000004c   Code   RO         5646    i.USBDCDCInit       usblib.lib(usbdcdc.o)
    0x0000cf90   0x0000cf90   0x000000a4   Code   RO         5647    i.USBDCDCPacketRead  usblib.lib(usbdcdc.o)
    0x0000d034   0x0000d034   0x00000058   Code   RO         5648    i.USBDCDCPacketWrite  usblib.lib(usbdcdc.o)
    0x0000d08c   0x0000d08c   0x00000038   Code   RO         5651    i.USBDCDCRxPacketAvailable  usblib.lib(usbdcdc.o)
    0x0000d0c4   0x0000d0c4   0x00000014   Code   RO         5657    i.USBDCDCTxPacketAvailable  usblib.lib(usbdcdc.o)
    0x0000d0d8   0x0000d0d8   0x00000056   Code   RO         6691    i.USBDCDConfigDescGet  usblib.lib(usbdcdesc.o)
    0x0000d12e   0x0000d12e   0x00000036   Code   RO         6692    i.USBDCDConfigDescGetNum  usblib.lib(usbdcdesc.o)
    0x0000d164   0x0000d164   0x00000022   Code   RO         6693    i.USBDCDConfigDescGetSize  usblib.lib(usbdcdesc.o)
    0x0000d186   0x0000d186   0x000000bc   Code   RO         6694    i.USBDCDConfigGetInterface  usblib.lib(usbdcdesc.o)
    0x0000d242   0x0000d242   0x0000005e   Code   RO         6695    i.USBDCDConfigGetInterfaceEndpoint  usblib.lib(usbdcdesc.o)
    0x0000d2a0   0x0000d2a0   0x00000044   Code   RO         6072    i.USBDCDDeviceInfoInit  usblib.lib(usbdenum.o)
    0x0000d2e4   0x0000d2e4   0x00000018   Code   RO         6073    i.USBDCDFeatureGet  usblib.lib(usbdenum.o)
    0x0000d2fc   0x0000d2fc   0x000001a8   Code   RO         6075    i.USBDCDInit        usblib.lib(usbdenum.o)
    0x0000d4a4   0x0000d4a4   0x00000014   Code   RO         6079    i.USBDCDRequestDataEP0  usblib.lib(usbdenum.o)
    0x0000d4b8   0x0000d4b8   0x00000014   Code   RO         6080    i.USBDCDSendDataEP0  usblib.lib(usbdenum.o)
    0x0000d4cc   0x0000d4cc   0x0000001c   Code   RO         6082    i.USBDCDStallEP0    usblib.lib(usbdenum.o)
    0x0000d4e8   0x0000d4e8   0x000000a4   Code   RO         6084    i.USBDClearFeature  usblib.lib(usbdenum.o)
    0x0000d58c   0x0000d58c   0x00000074   Code   RO         6085    i.USBDEP0StateTx    usblib.lib(usbdenum.o)
    0x0000d600   0x0000d600   0x00000174   Code   RO         6086    i.USBDEP0StateTxConfig  usblib.lib(usbdenum.o)
    0x0000d774   0x0000d774   0x00000034   Code   RO         6087    i.USBDGetConfiguration  usblib.lib(usbdenum.o)
    0x0000d7a8   0x0000d7a8   0x00000170   Code   RO         6088    i.USBDGetDescriptor  usblib.lib(usbdenum.o)
    0x0000d918   0x0000d918   0x0000005c   Code   RO         6089    i.USBDGetInterface  usblib.lib(usbdenum.o)
    0x0000d974   0x0000d974   0x00000084   Code   RO         6090    i.USBDGetStatus     usblib.lib(usbdenum.o)
    0x0000d9f8   0x0000d9f8   0x0000000a   Code   RO         4918    i.USBDMAChannelAddressSet  driverlib.lib(usb.o)
    0x0000da02   0x0000da02   0x00000016   Code   RO         4919    i.USBDMAChannelConfigSet  driverlib.lib(usb.o)
    0x0000da18   0x0000da18   0x0000000a   Code   RO         4921    i.USBDMAChannelCountSet  driverlib.lib(usb.o)
    0x0000da22   0x0000da22   0x00000012   Code   RO         4922    i.USBDMAChannelDisable  driverlib.lib(usb.o)
    0x0000da34   0x0000da34   0x00000012   Code   RO         4923    i.USBDMAChannelEnable  driverlib.lib(usb.o)
    0x0000da46   0x0000da46   0x00000012   Code   RO         4924    i.USBDMAChannelIntDisable  driverlib.lib(usb.o)
    0x0000da58   0x0000da58   0x00000012   Code   RO         4925    i.USBDMAChannelIntEnable  driverlib.lib(usb.o)
    0x0000da6a   0x0000da6a   0x00000006   Code   RO         4926    i.USBDMAChannelIntStatus  driverlib.lib(usb.o)
    0x0000da70   0x0000da70   0x0000000e   Code   RO         4927    i.USBDMAChannelStatus  driverlib.lib(usb.o)
    0x0000da7e   0x0000da7e   0x00000002   PAD
    0x0000da80   0x0000da80   0x0000007c   Code   RO         6091    i.USBDReadAndDispatchRequest  usblib.lib(usbdenum.o)
    0x0000dafc   0x0000dafc   0x00000024   Code   RO         6092    i.USBDSetAddress    usblib.lib(usbdenum.o)
    0x0000db20   0x0000db20   0x000000a4   Code   RO         6093    i.USBDSetConfiguration  usblib.lib(usbdenum.o)
    0x0000dbc4   0x0000dbc4   0x00000028   Code   RO         6094    i.USBDSetDescriptor  usblib.lib(usbdenum.o)
    0x0000dbec   0x0000dbec   0x00000084   Code   RO         6095    i.USBDSetFeature    usblib.lib(usbdenum.o)
    0x0000dc70   0x0000dc70   0x000000bc   Code   RO         6096    i.USBDSetInterface  usblib.lib(usbdenum.o)
    0x0000dd2c   0x0000dd2c   0x00000028   Code   RO         6097    i.USBDSyncFrame     usblib.lib(usbdenum.o)
    0x0000dd54   0x0000dd54   0x00000036   Code   RO         6751    i.USBDescGet        usblib.lib(usbdesc.o)
    0x0000dd8a   0x0000dd8a   0x0000002e   Code   RO         6754    i.USBDescGetNum     usblib.lib(usbdesc.o)
    0x0000ddb8   0x0000ddb8   0x00000004   Code   RO         4931    i.USBDevAddrSet     driverlib.lib(usb.o)
    0x0000ddbc   0x0000ddbc   0x0000000a   Code   RO         4932    i.USBDevConnect     driverlib.lib(usb.o)
    0x0000ddc6   0x0000ddc6   0x0000000a   Code   RO         4933    i.USBDevDisconnect  driverlib.lib(usb.o)
    0x0000ddd0   0x0000ddd0   0x00000088   Code   RO         4935    i.USBDevEndpointConfigSet  driverlib.lib(usb.o)
    0x0000de58   0x0000de58   0x00000024   Code   RO         4936    i.USBDevEndpointDataAck  driverlib.lib(usb.o)
    0x0000de7c   0x0000de7c   0x00000034   Code   RO         4937    i.USBDevEndpointStall  driverlib.lib(usb.o)
    0x0000deb0   0x0000deb0   0x0000004a   Code   RO         4938    i.USBDevEndpointStallClear  driverlib.lib(usb.o)
    0x0000defa   0x0000defa   0x0000005e   Code   RO         4939    i.USBDevEndpointStatusClear  driverlib.lib(usb.o)
    0x0000df58   0x0000df58   0x00000006   Code   RO         4940    i.USBDevLPMConfig   driverlib.lib(usb.o)
    0x0000df5e   0x0000df5e   0x0000000e   Code   RO         4941    i.USBDevLPMDisable  driverlib.lib(usb.o)
    0x0000df6c   0x0000df6c   0x0000000e   Code   RO         4942    i.USBDevLPMEnable   driverlib.lib(usb.o)
    0x0000df7a   0x0000df7a   0x00000008   Code   RO         4944    i.USBDevMode        driverlib.lib(usb.o)
    0x0000df82   0x0000df82   0x00000002   PAD
    0x0000df84   0x0000df84   0x000001a0   Code   RO         6733    i.USBDeviceConfig   usblib.lib(usbdconfig.o)
    0x0000e124   0x0000e124   0x000000c8   Code   RO         6734    i.USBDeviceConfigAlternate  usblib.lib(usbdconfig.o)
    0x0000e1ec   0x0000e1ec   0x000000ec   Code   RO         6098    i.USBDeviceEnumHandler  usblib.lib(usbdenum.o)
    0x0000e2d8   0x0000e2d8   0x00000198   Code   RO         6100    i.USBDeviceIntHandlerInternal  usblib.lib(usbdenum.o)
    0x0000e470   0x0000e470   0x00000058   Code   RO         6101    i.USBDeviceResumeTickHandler  usblib.lib(usbdenum.o)
    0x0000e4c8   0x0000e4c8   0x0000001a   Code   RO         4946    i.USBEndpointDMAChannel  driverlib.lib(usb.o)
    0x0000e4e2   0x0000e4e2   0x00000056   Code   RO         4947    i.USBEndpointDMAConfigSet  driverlib.lib(usb.o)
    0x0000e538   0x0000e538   0x00000024   Code   RO         4948    i.USBEndpointDMADisable  driverlib.lib(usb.o)
    0x0000e55c   0x0000e55c   0x00000024   Code   RO         4949    i.USBEndpointDMAEnable  driverlib.lib(usb.o)
    0x0000e580   0x0000e580   0x0000001e   Code   RO         4950    i.USBEndpointDataAvail  driverlib.lib(usb.o)
    0x0000e59e   0x0000e59e   0x00000054   Code   RO         4951    i.USBEndpointDataGet  driverlib.lib(usb.o)
    0x0000e5f2   0x0000e5f2   0x0000003a   Code   RO         4952    i.USBEndpointDataPut  driverlib.lib(usb.o)
    0x0000e62c   0x0000e62c   0x00000030   Code   RO         4953    i.USBEndpointDataSend  driverlib.lib(usb.o)
    0x0000e65c   0x0000e65c   0x0000000c   Code   RO         4955    i.USBEndpointPacketCountSet  driverlib.lib(usb.o)
    0x0000e668   0x0000e668   0x00000010   Code   RO         4956    i.USBEndpointStatus  driverlib.lib(usb.o)
    0x0000e678   0x0000e678   0x00000008   Code   RO         4957    i.USBFIFOAddrGet    driverlib.lib(usb.o)
    0x0000e680   0x0000e680   0x00000040   Code   RO         4959    i.USBFIFOConfigSet  driverlib.lib(usb.o)
    0x0000e6c0   0x0000e6c0   0x00000012   Code   RO         4986    i.USBHostResume     driverlib.lib(usb.o)
    0x0000e6d2   0x0000e6d2   0x00000002   PAD
    0x0000e6d4   0x0000e6d4   0x0000002c   Code   RO         4991    i.USBIntEnableControl  driverlib.lib(usb.o)
    0x0000e700   0x0000e700   0x00000016   Code   RO         4992    i.USBIntEnableEndpoint  driverlib.lib(usb.o)
    0x0000e716   0x0000e716   0x00000002   PAD
    0x0000e718   0x0000e718   0x00000044   Code   RO         4993    i.USBIntRegister    driverlib.lib(usb.o)
    0x0000e75c   0x0000e75c   0x0000003c   Code   RO         4994    i.USBIntStatusControl  driverlib.lib(usb.o)
    0x0000e798   0x0000e798   0x0000000a   Code   RO         4995    i.USBIntStatusEndpoint  driverlib.lib(usb.o)
    0x0000e7a2   0x0000e7a2   0x0000000c   Code   RO         4999    i.USBLPMIntEnable   driverlib.lib(usb.o)
    0x0000e7ae   0x0000e7ae   0x00000006   Code   RO         5000    i.USBLPMIntStatus   driverlib.lib(usb.o)
    0x0000e7b4   0x0000e7b4   0x0000015c   Code   RO         6791    i.USBLibDMAInit     usblib.lib(usbdma.o)
    0x0000e910   0x0000e910   0x00000008   Code   RO         5006    i.USBOTGMode        driverlib.lib(usb.o)
    0x0000e918   0x0000e918   0x00000046   Code   RO         6554    i.USBRingBufAdvanceRead  usblib.lib(usbringbuf.o)
    0x0000e95e   0x0000e95e   0x00000054   Code   RO         6555    i.USBRingBufAdvanceWrite  usblib.lib(usbringbuf.o)
    0x0000e9b2   0x0000e9b2   0x0000001e   Code   RO         6556    i.USBRingBufContigFree  usblib.lib(usbringbuf.o)
    0x0000e9d0   0x0000e9d0   0x00000010   Code   RO         6557    i.USBRingBufContigUsed  usblib.lib(usbringbuf.o)
    0x0000e9e0   0x0000e9e0   0x0000001a   Code   RO         6559    i.USBRingBufFlush   usblib.lib(usbringbuf.o)
    0x0000e9fa   0x0000e9fa   0x00000016   Code   RO         6560    i.USBRingBufFree    usblib.lib(usbringbuf.o)
    0x0000ea10   0x0000ea10   0x0000000c   Code   RO         6562    i.USBRingBufInit    usblib.lib(usbringbuf.o)
    0x0000ea1c   0x0000ea1c   0x00000052   Code   RO         6563    i.USBRingBufRead    usblib.lib(usbringbuf.o)
    0x0000ea6e   0x0000ea6e   0x00000014   Code   RO         6566    i.USBRingBufUsed    usblib.lib(usbringbuf.o)
    0x0000ea82   0x0000ea82   0x00000050   Code   RO         6567    i.USBRingBufWrite   usblib.lib(usbringbuf.o)
    0x0000ead2   0x0000ead2   0x00000002   PAD
    0x0000ead4   0x0000ead4   0x0000001c   Code   RO         5858    i.USBStackModeSet   usblib.lib(usbmode.o)
    0x0000eaf0   0x0000eaf0   0x0000000e   Code   RO         5011    i.USBULPIDisable    driverlib.lib(usb.o)
    0x0000eafe   0x0000eafe   0x0000000e   Code   RO         5012    i.USBULPIEnable     driverlib.lib(usb.o)
    0x0000eb0c   0x0000eb0c   0x00000020   Code   RO         5013    i.USBULPIRegRead    driverlib.lib(usb.o)
    0x0000eb2c   0x0000eb2c   0x00000020   Code   RO         5014    i.USBULPIRegWrite   driverlib.lib(usb.o)
    0x0000eb4c   0x0000eb4c   0x00000054   Code   RO         2135    i.WCXY_Acc_Get_Task  drv_gps.o
    0x0000eba0   0x0000eba0   0x00000030   Code   RO         3233    i.WCZ_Acc_Get_Task  ano_flightdatacal.o
    0x0000ebd0   0x0000ebd0   0x000001b4   Code   RO         2905    i.WCZ_Data_Calc     ano_motioncal.o
    0x0000ed84   0x0000ed84   0x00000058   Code   RO         2906    i.WCZ_Data_Reset    ano_motioncal.o
    0x0000eddc   0x0000eddc   0x00000200   Code   RO         3234    i.WCZ_Fus_Task      ano_flightdatacal.o
    0x0000efdc   0x0000efdc   0x00000050   Code   RO         3764    i._GPIOIntNumberGet  driverlib.lib(gpio.o)
    0x0000f02c   0x0000f02c   0x0000000e   Code   RO         7272    i.__scatterload_copy  mc_w.l(handlers.o)
    0x0000f03a   0x0000f03a   0x00000002   Code   RO         7273    i.__scatterload_null  mc_w.l(handlers.o)
    0x0000f03c   0x0000f03c   0x0000000e   Code   RO         7274    i.__scatterload_zeroinit  mc_w.l(handlers.o)
    0x0000f04a   0x0000f04a   0x00000002   PAD
    0x0000f04c   0x0000f04c   0x00000060   Code   RO         2785    i.a2w_3d_trans      ano_imu.o
    0x0000f0ac   0x0000f0ac   0x0000001c   Code   RO         1969    i.ak8975_Trig       drv_ak8975.o
    0x0000f0c8   0x0000f0c8   0x00000030   Code   RO         1970    i.ak8975_enable     drv_ak8975.o
    0x0000f0f8   0x0000f0f8   0x0000012c   Code   RO         2786    i.calculate_RPY     ano_imu.o
    0x0000f224   0x0000f224   0x00000050   Code   RO          662    i.ch_watch_dog      ano_rc.o
    0x0000f274   0x0000f274   0x00000024   Code   RO          663    i.ch_watch_dog_feed  ano_rc.o
    0x0000f298   0x0000f298   0x00000024   Code   RO         3134    i.ctrl_parameter_change_task  ano_flightctrl.o
    0x0000f2bc   0x0000f2bc   0x00000020   Code   RO         2467    i.data_save         ano_fcdata.o
    0x0000f2dc   0x0000f2dc   0x00000058   Code   RO          664    i.fail_safe         ano_rc.o
    0x0000f334   0x0000f334   0x000000c4   Code   RO          665    i.fail_safe_check   ano_rc.o
    0x0000f3f8   0x0000f3f8   0x0000017c   Code   RO         2623    i.fast_atan2        ano_math.o
    0x0000f574   0x0000f574   0x00000080   Code   RO         2507    i.fix_inte_filter   ano_filter.o
    0x0000f5f4   0x0000f5f4   0x00000028   Code   RO         2136    i.gps_baudrate_config  drv_gps.o
    0x0000f61c   0x0000f61c   0x00000040   Code   RO         2137    i.gps_config        drv_gps.o
    0x0000f65c   0x0000f65c   0x0000003e   Code   RO         2787    i.h2w_2d_trans      ano_imu.o
    0x0000f69a   0x0000f69a   0x00000002   Code   RO         6793    i.iDMAUSBArbSizeSet  usblib.lib(usbdma.o)
    0x0000f69c   0x0000f69c   0x00000084   Code   RO         6794    i.iDMAUSBChannelAllocate  usblib.lib(usbdma.o)
    0x0000f720   0x0000f720   0x00000034   Code   RO         6795    i.iDMAUSBChannelDisable  usblib.lib(usbdma.o)
    0x0000f754   0x0000f754   0x00000052   Code   RO         6796    i.iDMAUSBChannelEnable  usblib.lib(usbdma.o)
    0x0000f7a6   0x0000f7a6   0x00000008   Code   RO         6797    i.iDMAUSBChannelIntDisable  usblib.lib(usbdma.o)
    0x0000f7ae   0x0000f7ae   0x00000008   Code   RO         6798    i.iDMAUSBChannelIntEnable  usblib.lib(usbdma.o)
    0x0000f7b6   0x0000f7b6   0x0000003e   Code   RO         6799    i.iDMAUSBChannelRelease  usblib.lib(usbdma.o)
    0x0000f7f4   0x0000f7f4   0x00000038   Code   RO         6800    i.iDMAUSBChannelStatus  usblib.lib(usbdma.o)
    0x0000f82c   0x0000f82c   0x00000006   Code   RO         6801    i.iDMAUSBIntStatus  usblib.lib(usbdma.o)
    0x0000f832   0x0000f832   0x000000f4   Code   RO         6802    i.iDMAUSBTransfer   usblib.lib(usbdma.o)
    0x0000f926   0x0000f926   0x00000002   Code   RO         6803    i.iDMAUSBUnitSizeSet  usblib.lib(usbdma.o)
    0x0000f928   0x0000f928   0x00000008   Code   RO         1875    i.icm20602_INT_Config  drv_icm20602.o
    0x0000f930   0x0000f930   0x0000002e   Code   RO         1876    i.icm20602_enable   drv_icm20602.o
    0x0000f95e   0x0000f95e   0x00000026   Code   RO         1877    i.icm20602_readbuf  drv_icm20602.o
    0x0000f984   0x0000f984   0x0000003a   Code   RO         1878    i.icm20602_setIntEnabled  drv_icm20602.o
    0x0000f9be   0x0000f9be   0x0000003c   Code   RO         1879    i.icm20602_writeBit  drv_icm20602.o
    0x0000f9fa   0x0000f9fa   0x00000024   Code   RO         1880    i.icm20602_writebyte  drv_icm20602.o
    0x0000fa1e   0x0000fa1e   0x0000008a   Code   RO         2508    i.inte_fix_filter   ano_filter.o
    0x0000faa8   0x0000faa8   0x000000c8   Code   RO         3135    i.land_discriminat  ano_flightctrl.o
    0x0000fb70   0x0000fb70   0x00000154   Code   RO          755    i.ledBreath         ano_led.o
    0x0000fcc4   0x0000fcc4   0x00000044   Code   RO          756    i.ledFlash          ano_led.o
    0x0000fd08   0x0000fd08   0x00000040   Code   RO          757    i.ledOnOff          ano_led.o
    0x0000fd48   0x0000fd48   0x00000090   Code   RO         2625    i.length_limit      ano_math.o
    0x0000fdd8   0x0000fdd8   0x00000018   Code   RO            4    i.main              main.o
    0x0000fdf0   0x0000fdf0   0x00000128   Code   RO         2843    i.motionless_check  ano_sensor_basic.o
    0x0000ff18   0x0000ff18   0x000000f4   Code   RO         2844    i.mpu_auto_az       ano_sensor_basic.o
    0x0001000c   0x0001000c   0x0000001a   Code   RO         2628    i.my_abs            ano_math.o
    0x00010026   0x00010026   0x00000036   Code   RO         2631    i.my_deadzone       ano_math.o
    0x0001005c   0x0001005c   0x00000014   Code   RO         2634    i.my_sqrt           ano_math.o
    0x00010070   0x00010070   0x00000050   Code   RO         2635    i.my_sqrt_reciprocal  ano_math.o
    0x000100c0   0x000100c0   0x0000000c   Code   RO         3136    i.one_key_land      ano_flightctrl.o
    0x000100cc   0x000100cc   0x00000028   Code   RO         3138    i.one_key_take_off  ano_flightctrl.o
    0x000100f4   0x000100f4   0x0000004c   Code   RO         3139    i.one_key_take_off_task  ano_flightctrl.o
    0x00010140   0x00010140   0x00000050   Code   RO         1175    i.reset_mission     user_control.o
    0x00010190   0x00010190   0x0000000c   Code   RO         1176    i.reset_timer       user_control.o
    0x0001019c   0x0001019c   0x000001bc   Code   RO         2020    i.spl0601_get_calib_param  drv_spl06.o
    0x00010358   0x00010358   0x000000dc   Code   RO         2021    i.spl0601_get_pressure  drv_spl06.o
    0x00010434   0x00010434   0x00000064   Code   RO         2022    i.spl0601_get_raw_pressure  drv_spl06.o
    0x00010498   0x00010498   0x00000068   Code   RO         2023    i.spl0601_get_raw_temp  drv_spl06.o
    0x00010500   0x00010500   0x00000094   Code   RO         2024    i.spl0601_get_temperature  drv_spl06.o
    0x00010594   0x00010594   0x00000138   Code   RO         2025    i.spl0601_rateset   drv_spl06.o
    0x000106cc   0x000106cc   0x00000024   Code   RO         2026    i.spl0601_read      drv_spl06.o
    0x000106f0   0x000106f0   0x00000010   Code   RO         2027    i.spl0601_start_continuous  drv_spl06.o
    0x00010700   0x00010700   0x00000020   Code   RO         2030    i.spl0601_write     drv_spl06.o
    0x00010720   0x00010720   0x00000030   Code   RO         2031    i.spl06_enable      drv_spl06.o
    0x00010750   0x00010750   0x0000017c   Code   RO          666    i.stick_function    ano_rc.o
    0x000108cc   0x000108cc   0x00000042   Code   RO          667    i.stick_function_check  ano_rc.o
    0x0001090e   0x0001090e   0x00000026   Code   RO          668    i.stick_function_check_longpress  ano_rc.o
    0x00010934   0x00010934   0x00000048   Code   RO         7050    i.uDMAChannelAttributeDisable  driverlib.lib(udma.o)
    0x0001097c   0x0001097c   0x00000020   Code   RO         7053    i.uDMAChannelControlSet  driverlib.lib(udma.o)
    0x0001099c   0x0001099c   0x00000014   Code   RO         7054    i.uDMAChannelDisable  driverlib.lib(udma.o)
    0x000109b0   0x000109b0   0x00000014   Code   RO         7055    i.uDMAChannelEnable  driverlib.lib(udma.o)
    0x000109c4   0x000109c4   0x00000028   Code   RO         7057    i.uDMAChannelModeGet  driverlib.lib(udma.o)
    0x000109ec   0x000109ec   0x00000080   Code   RO         7063    i.uDMAChannelTransferSet  driverlib.lib(udma.o)
    0x00010a6c   0x00010a6c   0x00000068   Code   RO         6804    i.uDMAUSBArbSizeSet  usblib.lib(usbdma.o)
    0x00010ad4   0x00010ad4   0x000000c0   Code   RO         6805    i.uDMAUSBChannelAllocate  usblib.lib(usbdma.o)
    0x00010b94   0x00010b94   0x00000058   Code   RO         6806    i.uDMAUSBChannelDisable  usblib.lib(usbdma.o)
    0x00010bec   0x00010bec   0x0000006a   Code   RO         6807    i.uDMAUSBChannelEnable  usblib.lib(usbdma.o)
    0x00010c56   0x00010c56   0x00000002   Code   RO         6808    i.uDMAUSBChannelIntDisable  usblib.lib(usbdma.o)
    0x00010c58   0x00010c58   0x00000002   Code   RO         6809    i.uDMAUSBChannelIntEnable  usblib.lib(usbdma.o)
    0x00010c5a   0x00010c5a   0x0000005a   Code   RO         6810    i.uDMAUSBChannelRelease  usblib.lib(usbdma.o)
    0x00010cb4   0x00010cb4   0x00000026   Code   RO         6811    i.uDMAUSBChannelStatus  usblib.lib(usbdma.o)
    0x00010cda   0x00010cda   0x00000034   Code   RO         6812    i.uDMAUSBIntStatus  usblib.lib(usbdma.o)
    0x00010d0e   0x00010d0e   0x000000c8   Code   RO         6813    i.uDMAUSBTransfer   usblib.lib(usbdma.o)
    0x00010dd6   0x00010dd6   0x00000054   Code   RO         6814    i.uDMAUSBUnitSizeSet  usblib.lib(usbdma.o)
    0x00010e2a   0x00010e2a   0x00000002   PAD
    0x00010e2c   0x00010e2c   0x00000280   Code   RO          669    i.unlock            ano_rc.o
    0x000110ac   0x000110ac   0x0000001a   Code   RO         2637    i.vec_2_cross_product  ano_math.o
    0x000110c6   0x000110c6   0x0000001a   Code   RO         2638    i.vec_2_dot_product  ano_math.o
    0x000110e0   0x000110e0   0x0000003e   Code   RO         2788    i.w2h_2d_trans      ano_imu.o
    0x0001111e   0x0001111e   0x00000002   PAD
    0x00011120   0x00011120   0x000000d8   Data   RO         1313    .constdata          usb_serial_structs.o
    0x000111f8   0x000111f8   0x0000008f   Data   RO         2139    .constdata          drv_gps.o
    0x00011287   0x00011287   0x00000001   PAD
    0x00011288   0x00011288   0x00000404   Data   RO         2641    .constdata          ano_math.o
    0x0001168c   0x0001168c   0x00000228   Data   RO         3765    .constdata          driverlib.lib(gpio.o)
    0x000118b4   0x000118b4   0x00000254   Data   RO         4079    .constdata          driverlib.lib(sysctl.o)
    0x00011b08   0x00011b08   0x000000a0   Data   RO         4415    .constdata          driverlib.lib(timer.o)
    0x00011ba8   0x00011ba8   0x00000080   Data   RO         4666    .constdata          driverlib.lib(uart.o)
    0x00011c28   0x00011c28   0x00000008   Data   RO         5658    .constdata          usblib.lib(usbdcdc.o)
    0x00011c30   0x00011c30   0x00000008   Data   RO         5659    .constdata          usblib.lib(usbdcdc.o)
    0x00011c38   0x00011c38   0x00000023   Data   RO         5660    .constdata          usblib.lib(usbdcdc.o)
    0x00011c5b   0x00011c5b   0x00000001   PAD
    0x00011c5c   0x00011c5c   0x00000008   Data   RO         5661    .constdata          usblib.lib(usbdcdc.o)
    0x00011c64   0x00011c64   0x00000017   Data   RO         5662    .constdata          usblib.lib(usbdcdc.o)
    0x00011c7b   0x00011c7b   0x00000001   PAD
    0x00011c7c   0x00011c7c   0x00000008   Data   RO         5663    .constdata          usblib.lib(usbdcdc.o)
    0x00011c84   0x00011c84   0x00000017   Data   RO         5664    .constdata          usblib.lib(usbdcdc.o)
    0x00011c9b   0x00011c9b   0x00000001   PAD
    0x00011c9c   0x00011c9c   0x00000008   Data   RO         5665    .constdata          usblib.lib(usbdcdc.o)
    0x00011ca4   0x00011ca4   0x00000008   Data   RO         5666    .constdata          usblib.lib(usbdcdc.o)
    0x00011cac   0x00011cac   0x00000008   Data   RO         5667    .constdata          usblib.lib(usbdcdc.o)
    0x00011cb4   0x00011cb4   0x00000008   Data   RO         5668    .constdata          usblib.lib(usbdcdc.o)
    0x00011cbc   0x00011cbc   0x00000008   Data   RO         5669    .constdata          usblib.lib(usbdcdc.o)
    0x00011cc4   0x00011cc4   0x00000040   Data   RO         5670    .constdata          usblib.lib(usbdcdc.o)
    0x00011d04   0x00011d04   0x0000010c   Data   RO         5979    .constdata          driverlib.lib(interrupt.o)
    0x00011e10   0x00011e10   0x00000034   Data   RO         6103    .constdata          usblib.lib(usbdenum.o)
    0x00011e44   0x00011e44   0x00000020   Data   RO         7270    Region$$Table       anon$$obj.o


    Execution Region ER_RW (Exec base: 0x20000000, Load base: 0x00011e64, Size: 0x00000a6c, Max: 0xffffffff, ABSOLUTE, COMPRESSED[0x000000fc])

    Exec Addr    Load Addr    Size         Type   Attr      Idx    E Section Name        Object

    0x20000000   COMPRESSED   0x00000040   Data   RW          100    .data               ano_scheduler.o
    0x20000040   COMPRESSED   0x00000004   Data   RW          298    .data               ano_parameter.o
    0x20000044   COMPRESSED   0x00000005   Data   RW          361    .data               ano_flyctrl.o
    0x20000049   COMPRESSED   0x00000001   PAD
    0x2000004a   COMPRESSED   0x00000025   Data   RW          443    .data               ano_dt.o
    0x2000006f   COMPRESSED   0x00000001   PAD
    0x20000070   COMPRESSED   0x0000001f   Data   RW          671    .data               ano_rc.o
    0x2000008f   COMPRESSED   0x00000001   PAD
    0x20000090   COMPRESSED   0x00000027   Data   RW          759    .data               ano_led.o
    0x200000b7   COMPRESSED   0x00000001   PAD
    0x200000b8   COMPRESSED   0x00000011   Data   RW          819    .data               ano_usb.o
    0x200000c9   COMPRESSED   0x00000003   PAD
    0x200000cc   COMPRESSED   0x00000030   Data   RW          955    .data               ano_of_decofusion.o
    0x200000fc   COMPRESSED   0x00000014   Data   RW         1030    .data               ano_opmv_cbtracking_ctrl.o
    0x20000110   COMPRESSED   0x0000001c   Data   RW         1082    .data               ano_opmv_linetracking_ctrl.o
    0x2000012c   COMPRESSED   0x00000003   Data   RW         1130    .data               ano_opmv_ctrl.o
    0x2000012f   COMPRESSED   0x00000001   PAD
    0x20000130   COMPRESSED   0x0000000c   Data   RW         1177    .data               user_control.o
    0x2000013c   COMPRESSED   0x000000d0   Data   RW         1314    .data               usb_serial_structs.o
    0x2000020c   COMPRESSED   0x00000004   PAD
    0x20000210   COMPRESSED   0x00000009   Data   RW         1355    .data               drv_bsp.o
    0x20000219   COMPRESSED   0x00000003   PAD
    0x2000021c   COMPRESSED   0x00000004   Data   RW         1464    .data               drv_adc.o
    0x20000220   COMPRESSED   0x00000012   Data   RW         1583    .data               drv_rcin.o
    0x20000232   COMPRESSED   0x0000000a   Data   RW         1744    .data               drv_uart.o
    0x2000023c   COMPRESSED   0x00000001   Data   RW         1882    .data               drv_icm20602.o
    0x2000023d   COMPRESSED   0x00000006   Data   RW         1971    .data               drv_ak8975.o
    0x20000243   COMPRESSED   0x00000001   PAD
    0x20000244   COMPRESSED   0x00000020   Data   RW         2033    .data               drv_spl06.o
    0x20000264   COMPRESSED   0x00000019   Data   RW         2140    .data               drv_gps.o
    0x2000027d   COMPRESSED   0x00000003   PAD
    0x20000280   COMPRESSED   0x0000004e   Data   RW         2214    .data               ano_of.o
    0x200002ce   COMPRESSED   0x00000002   PAD
    0x200002d0   COMPRESSED   0x00000013   Data   RW         2304    .data               drv_heating.o
    0x200002e3   COMPRESSED   0x00000001   PAD
    0x200002e4   COMPRESSED   0x00000004   Data   RW         2349    .data               drv_openmv.o
    0x200002e8   COMPRESSED   0x00000004   Data   RW         2395    .data               drv_up_flow.o
    0x200002ec   COMPRESSED   0x00000006   Data   RW         2432    .data               drv_laser.o
    0x200002f2   COMPRESSED   0x00000008   Data   RW         2469    .data               ano_fcdata.o
    0x200002fa   COMPRESSED   0x00000002   PAD
    0x200002fc   COMPRESSED   0x00000154   Data   RW         2790    .data               ano_imu.o
    0x20000450   COMPRESSED   0x00000049   Data   RW         2846    .data               ano_sensor_basic.o
    0x20000499   COMPRESSED   0x00000003   PAD
    0x2000049c   COMPRESSED   0x00000019   Data   RW         2908    .data               ano_motioncal.o
    0x200004b5   COMPRESSED   0x00000003   PAD
    0x200004b8   COMPRESSED   0x0000000e   Data   RW         2986    .data               ano_altctrl.o
    0x200004c6   COMPRESSED   0x00000002   PAD
    0x200004c8   COMPRESSED   0x00000010   Data   RW         3066    .data               ano_attctrl.o
    0x200004d8   COMPRESSED   0x0000002c   Data   RW         3141    .data               ano_flightctrl.o
    0x20000504   COMPRESSED   0x00000041   Data   RW         3235    .data               ano_flightdatacal.o
    0x20000545   COMPRESSED   0x00000003   PAD
    0x20000548   COMPRESSED   0x00000036   Data   RW         3293    .data               ano_locctrl.o
    0x2000057e   COMPRESSED   0x00000002   PAD
    0x20000580   COMPRESSED   0x00000020   Data   RW         3335    .data               ano_magprocess.o
    0x200005a0   COMPRESSED   0x00000014   Data   RW         3378    .data               ano_motorctrl.o
    0x200005b4   COMPRESSED   0x0000000c   Data   RW         3412    .data               ano_power.o
    0x200005c0   COMPRESSED   0x0000001d   Data   RW         5671    .data               usblib.lib(usbdcdc.o)
    0x200005dd   COMPRESSED   0x00000008   Data   RW         5672    .data               usblib.lib(usbdcdc.o)
    0x200005e5   COMPRESSED   0x00000003   PAD
    0x200005e8   COMPRESSED   0x0000000c   Data   RW         5673    .data               usblib.lib(usbdcdc.o)
    0x200005f4   COMPRESSED   0x0000000c   Data   RW         5674    .data               usblib.lib(usbdcdc.o)
    0x20000600   COMPRESSED   0x00000010   Data   RW         5675    .data               usblib.lib(usbdcdc.o)
    0x20000610   COMPRESSED   0x00000010   Data   RW         5676    .data               usblib.lib(usbdcdc.o)
    0x20000620   COMPRESSED   0x00000010   Data   RW         5859    .data               usblib.lib(usbmode.o)
    0x20000630   COMPRESSED   0x00000010   Data   RW         6104    .data               usblib.lib(usbdenum.o)
    0x20000640   COMPRESSED   0x00000008   Data   RW         6655    .data               usblib.lib(usbtick.o)
    0x20000648   COMPRESSED   0x00000004   Data   RW         6656    .data               usblib.lib(usbtick.o)
    0x2000064c   COMPRESSED   0x000001b4   PAD
    0x20000800   COMPRESSED   0x0000026c   Data   RW         5980    vtable              driverlib.lib(interrupt.o)


    Execution Region ER_ZI (Exec base: 0x20000a6c, Load base: 0x00011f60, Size: 0x000029d4, Max: 0xffffffff, ABSOLUTE)

    Exec Addr    Load Addr    Size         Type   Attr      Idx    E Section Name        Object

    0x20000a6c        -       0x00000800   Zero   RW          297    .bss                ano_parameter.o
    0x2000126c        -       0x00000054   Zero   RW          360    .bss                ano_flyctrl.o
    0x200012c0        -       0x00000304   Zero   RW          442    .bss                ano_dt.o
    0x200015c4        -       0x00000024   Zero   RW          670    .bss                ano_rc.o
    0x200015e8        -       0x0000000f   Zero   RW          758    .bss                ano_led.o
    0x200015f7   0x00011f60   0x00000001   PAD
    0x200015f8        -       0x00000020   Zero   RW          907    .bss                ano_programctrl_user.o
    0x20001618        -       0x00000054   Zero   RW          954    .bss                ano_of_decofusion.o
    0x2000166c        -       0x00000044   Zero   RW         1029    .bss                ano_opmv_cbtracking_ctrl.o
    0x200016b0        -       0x00000020   Zero   RW         1081    .bss                ano_opmv_linetracking_ctrl.o
    0x200016d0        -       0x00000200   Zero   RW         1312    .bss                usb_serial_structs.o
    0x200018d0        -       0x00000059   Zero   RW         1582    .bss                drv_rcin.o
    0x20001929        -       0x00000500   Zero   RW         1743    .bss                drv_uart.o
    0x20001e29        -       0x0000000e   Zero   RW         1881    .bss                drv_icm20602.o
    0x20001e37   0x00011f60   0x00000001   PAD
    0x20001e38        -       0x0000002c   Zero   RW         2032    .bss                drv_spl06.o
    0x20001e64   0x00011f60   0x00000004   PAD
    0x20001e68        -       0x000000e8   Zero   RW         2138    .bss                drv_gps.o
    0x20001f50        -       0x0000023c   Zero   RW         2261    .bss                ano_uwb.o
    0x2000218c        -       0x0000000c   Zero   RW         2303    .bss                drv_heating.o
    0x20002198        -       0x0000002e   Zero   RW         2348    .bss                drv_openmv.o
    0x200021c6        -       0x00000026   Zero   RW         2393    .bss                drv_up_flow.o
    0x200021ec        -       0x00000079   Zero   RW         2468    .bss                ano_fcdata.o
    0x20002265   0x00011f60   0x00000003   PAD
    0x20002268        -       0x00000054   Zero   RW         2789    .bss                ano_imu.o
    0x200022bc        -       0x00000174   Zero   RW         2845    .bss                ano_sensor_basic.o
    0x20002430        -       0x0000004c   Zero   RW         2907    .bss                ano_motioncal.o
    0x2000247c        -       0x00000080   Zero   RW         2985    .bss                ano_altctrl.o
    0x200024fc        -       0x000001e8   Zero   RW         3065    .bss                ano_attctrl.o
    0x200026e4        -       0x00000034   Zero   RW         3140    .bss                ano_flightctrl.o
    0x20002718        -       0x00000148   Zero   RW         3292    .bss                ano_locctrl.o
    0x20002860        -       0x00000010   Zero   RW         3377    .bss                ano_motorctrl.o
    0x20002870        -       0x00000090   Zero   RW         6102    .bss                usblib.lib(usbdenum.o)
    0x20002900        -       0x00000030   Zero   RW         6654    .bss                usblib.lib(usbtick.o)
    0x20002930        -       0x00000110   Zero   RW         6815    .bss                usblib.lib(usbdma.o)
    0x20002a40        -       0x00000a00   Zero   RW         1264    STACK               startup_tm4c123.o


==============================================================================

Image component sizes


      Code (inc. data)   RO Data    RW Data    ZI Data      Debug   Object Name

      1580        202          0         14        128       3748   ano_altctrl.o
      2532        218          0         16        488       6423   ano_attctrl.o
      9108        364          0         37        772      25442   ano_dt.o
        40         10          0          8        121       3578   ano_fcdata.o
       266          0          0          0          0       2900   ano_filter.o
      2286        294          0         44         52       9491   ano_flightctrl.o
       880        166          0         65          0       4627   ano_flightdatacal.o
      2312        394          0          5         84       3750   ano_flyctrl.o
      2984        182          0        340         84       7087   ano_imu.o
      1544         92          0         39         15       5332   ano_led.o
      3488        284          0         54        328       4188   ano_locctrl.o
      1268        108          0         32          0       4267   ano_magprocess.o
       756         38       1028          0          0       6162   ano_math.o
       524         80          0         25         76       2013   ano_motioncal.o
       560         32          0         20         16       2267   ano_motorctrl.o
       124         12          0         78          0       3576   ano_of.o
      1536        168          0         48         84       7277   ano_of_decofusion.o
      1180        118          0         20         68       4792   ano_opmv_cbtracking_ctrl.o
       244         32          0          3          0       1287   ano_opmv_ctrl.o
      1420        138          0         28         32       5416   ano_opmv_linetracking_ctrl.o
      1112        140          0          4       2048       5474   ano_parameter.o
       288          4          0          0          0       1880   ano_pid.o
       476         60          0         12          0       1042   ano_power.o
       136         24          0          0         32       2073   ano_programctrl_user.o
      1880        254          0         31         36       8862   ano_rc.o
       572         68          0         64          0      10167   ano_scheduler.o
      2080        176          0         73        372       7283   ano_sensor_basic.o
       376         54          0         17          0      15378   ano_usb.o
        96         14          0          0        572       2608   ano_uwb.o
       356         58          0          4          0       1832   drv_adc.o
       272         24          0          6          0       3302   drv_ak8975.o
       414         48          0          9          0      33485   drv_bsp.o
      1314        104        143         25        232       7941   drv_gps.o
       736        166          0         19         12       2439   drv_heating.o
       934         48          0          1         14       7703   drv_icm20602.o
         0          0          0          6          0        982   drv_laser.o
       324         22          0          0          0       1153   drv_led.o
       504         40          0          4         46       3954   drv_openmv.o
        88         18          0          0          0       1485   drv_paramter.o
      1004         76          0          0          0       2041   drv_pwmout.o
      1208        108          0         18         89       4687   drv_rcin.o
       246         24          0          0          0       2082   drv_spi.o
      1796        112          0         32         44       9837   drv_spl06.o
      1584        208          0         10       1280       9414   drv_uart.o
       312         24          0          4         38       1560   drv_up_flow.o
        24          6          0          0          0      30331   main.o
       252         10        620          0       2560       5416   startup_tm4c123.o
       152         40          0          0          0        585   system_tm4c123.o
         0          0        216        208        512      26598   usb_serial_structs.o
      1280        372          0         12          0       8215   user_control.o

    ----------------------------------------------------------------------
     54462       5234       2040       1472      10244     333432   Object Totals
         0          0         32          0          0          0   (incl. Generated)
        14          0          1         37          9          0   (incl. Padding)

    ----------------------------------------------------------------------

      Code (inc. data)   RO Data    RW Data    ZI Data      Debug   Library Member Name

       104         12          0          0          0       4777   adc.o
        38          0          0          0          0        572   cpu.o
       124         18        552          0          0       3222   gpio.o
       376         32        268        620          0       4387   interrupt.o
       456         48        596          0          0       4199   sysctl.o
       104         16        160          0          0       1767   timer.o
        88         18        128          0          0       1795   uart.o
       312         32          0          0          0       3961   udma.o
      1456         20          0          0          0      41796   usb.o
        86          0          0          0          0          0   __dczerorl2.o
         0          0          0          0          0          0   entry.o
         0          0          0          0          0          0   entry10a.o
         0          0          0          0          0          0   entry11a.o
         4          0          0          0          0          0   entry12b.o
         8          4          0          0          0          0   entry2.o
         4          0          0          0          0          0   entry5.o
         0          0          0          0          0          0   entry7b.o
         0          0          0          0          0          0   entry8b.o
         8          4          0          0          0          0   entry9a.o
        30          0          0          0          0          0   handlers.o
        36          8          0          0          0         68   init.o
         0          0          0          0          0          0   iusefp.o
        30          0          0          0          0         68   llshl.o
        36          0          0          0          0         68   llsshr.o
        32          0          0          0          0         68   llushr.o
        36          0          0          0          0         68   memcpya.o
        56          0          0          0          0         88   d2f.o
       334          0          0          0          0        148   dadd.o
       222          0          0          0          0        100   ddiv.o
       186          0          0          0          0        176   depilogue.o
        62          0          0          0          0         80   dfixi.o
        34          0          0          0          0         76   dflti.o
        26          0          0          0          0         76   dfltui.o
       228          0          0          0          0         96   dmul.o
        38          0          0          0          0         68   f2d.o
       110          0          0          0          0        168   fepilogue.o
       576          0          0          0          0      18279   usbbuffer.o
      2270         70        217         93          0      33677   usbdcdc.o
       456          0          0          0          0       4863   usbdcdesc.o
       616         12          0          0          0       3605   usbdconfig.o
      3336        270         52         16        144      20401   usbdenum.o
       100          0          0          0          0       2033   usbdesc.o
        24          4          0          0          0        551   usbdhandler.o
      2042        124          0          0        272      16032   usbdma.o
        28          4          0         16          0       1994   usbmode.o
       442          0          0          0          0      17166   usbringbuf.o
       164         28          0         12         48      16276   usbtick.o
        90          0          0          0          0        592   usbulpi.o

    ----------------------------------------------------------------------
     14838        724       1976       1196        464     203361   Library Totals
        30          0          3        439          0          0   (incl. Padding)

    ----------------------------------------------------------------------

      Code (inc. data)   RO Data    RW Data    ZI Data      Debug   Library Name

      3058        196       1704        620          0      66476   driverlib.lib
       310         16          0          0          0        340   mc_w.l
      1296          0          0          0          0       1076   mf_w.l
     10144        512        269        137        464     135469   usblib.lib

    ----------------------------------------------------------------------
     14838        724       1976       1196        464     203361   Library Totals

    ----------------------------------------------------------------------

==============================================================================


      Code (inc. data)   RO Data    RW Data    ZI Data      Debug   

     69300       5958       4016       2668      10708     496853   Grand Totals
     69300       5958       4016        252      10708     496853   ELF Image Totals (compressed)
     69300       5958       4016        252          0          0   ROM Totals

==============================================================================

    Total RO  Size (Code + RO Data)                73316 (  71.60kB)
    Total RW  Size (RW Data + ZI Data)             13376 (  13.06kB)
    Total ROM Size (Code + RO Data + RW Data)      73568 (  71.84kB)

==============================================================================

